Archive member included to satisfy reference by file (symbol)

/opt/homebrew/Cellar/arm-none-eabi-gcc/10.3-2021.07/gcc/bin/../lib/gcc/arm-none-eabi/10.3.1/thumb/v7-m/nofp/libgcc.a(_arm_muldf3.o)
                              CMakeFiles/Proj32.elf.dir/Core/Src/main.c.obj (__aeabi_dmul)
/opt/homebrew/Cellar/arm-none-eabi-gcc/10.3-2021.07/gcc/bin/../lib/gcc/arm-none-eabi/10.3.1/thumb/v7-m/nofp/libgcc.a(_arm_addsubdf3.o)
                              CMakeFiles/Proj32.elf.dir/Core/Src/main.c.obj (__aeabi_ui2d)
/opt/homebrew/Cellar/arm-none-eabi-gcc/10.3-2021.07/gcc/bin/../lib/gcc/arm-none-eabi/10.3.1/thumb/v7-m/nofp/libgcc.a(_arm_truncdfsf2.o)
                              CMakeFiles/Proj32.elf.dir/Core/Src/main.c.obj (__aeabi_d2f)
/opt/homebrew/Cellar/arm-none-eabi-gcc/10.3-2021.07/gcc/bin/../lib/gcc/arm-none-eabi/10.3.1/thumb/v7-m/nofp/libgcc.a(_arm_addsubsf3.o)
                              CMakeFiles/Proj32.elf.dir/Core/Src/main.c.obj (__aeabi_fsub)
/opt/homebrew/Cellar/arm-none-eabi-gcc/10.3-2021.07/gcc/bin/../lib/gcc/arm-none-eabi/10.3.1/thumb/v7-m/nofp/libgcc.a(_arm_muldivsf3.o)
                              CMakeFiles/Proj32.elf.dir/Core/Src/main.c.obj (__aeabi_fdiv)
/opt/homebrew/Cellar/arm-none-eabi-gcc/10.3-2021.07/gcc/bin/../lib/gcc/arm-none-eabi/10.3.1/../../../../arm-none-eabi/lib/thumb/v7-m/nofp/libg.a(lib_a-errno.o)
                              CMakeFiles/Proj32.elf.dir/Core/Src/syscalls.c.obj (__errno)
/opt/homebrew/Cellar/arm-none-eabi-gcc/10.3-2021.07/gcc/bin/../lib/gcc/arm-none-eabi/10.3.1/../../../../arm-none-eabi/lib/thumb/v7-m/nofp/libg.a(lib_a-exit.o)
                              /opt/homebrew/Cellar/arm-none-eabi-gcc/10.3-2021.07/gcc/bin/../lib/gcc/arm-none-eabi/10.3.1/../../../../arm-none-eabi/lib/thumb/v7-m/nofp/crt0.o (exit)
/opt/homebrew/Cellar/arm-none-eabi-gcc/10.3-2021.07/gcc/bin/../lib/gcc/arm-none-eabi/10.3.1/../../../../arm-none-eabi/lib/thumb/v7-m/nofp/libg.a(lib_a-impure.o)
                              /opt/homebrew/Cellar/arm-none-eabi-gcc/10.3-2021.07/gcc/bin/../lib/gcc/arm-none-eabi/10.3.1/../../../../arm-none-eabi/lib/thumb/v7-m/nofp/libg.a(lib_a-exit.o) (_global_impure_ptr)
/opt/homebrew/Cellar/arm-none-eabi-gcc/10.3-2021.07/gcc/bin/../lib/gcc/arm-none-eabi/10.3.1/../../../../arm-none-eabi/lib/thumb/v7-m/nofp/libg.a(lib_a-init.o)
                              /opt/homebrew/Cellar/arm-none-eabi-gcc/10.3-2021.07/gcc/bin/../lib/gcc/arm-none-eabi/10.3.1/../../../../arm-none-eabi/lib/thumb/v7-m/nofp/crt0.o (__libc_init_array)
/opt/homebrew/Cellar/arm-none-eabi-gcc/10.3-2021.07/gcc/bin/../lib/gcc/arm-none-eabi/10.3.1/../../../../arm-none-eabi/lib/thumb/v7-m/nofp/libg.a(lib_a-memset.o)
                              /opt/homebrew/Cellar/arm-none-eabi-gcc/10.3-2021.07/gcc/bin/../lib/gcc/arm-none-eabi/10.3.1/../../../../arm-none-eabi/lib/thumb/v7-m/nofp/crt0.o (memset)
/opt/homebrew/Cellar/arm-none-eabi-gcc/10.3-2021.07/gcc/bin/../lib/gcc/arm-none-eabi/10.3.1/../../../../arm-none-eabi/lib/thumb/v7-m/nofp/libg.a(lib_a-printf.o)
                              CMakeFiles/Proj32.elf.dir/Core/Src/main.c.obj (printf)
/opt/homebrew/Cellar/arm-none-eabi-gcc/10.3-2021.07/gcc/bin/../lib/gcc/arm-none-eabi/10.3.1/../../../../arm-none-eabi/lib/thumb/v7-m/nofp/libg.a(lib_a-puts.o)
                              CMakeFiles/Proj32.elf.dir/Core/Src/main.c.obj (puts)
/opt/homebrew/Cellar/arm-none-eabi-gcc/10.3-2021.07/gcc/bin/../lib/gcc/arm-none-eabi/10.3.1/../../../../arm-none-eabi/lib/thumb/v7-m/nofp/libg.a(lib_a-strlen-stub.o)
                              /opt/homebrew/Cellar/arm-none-eabi-gcc/10.3-2021.07/gcc/bin/../lib/gcc/arm-none-eabi/10.3.1/../../../../arm-none-eabi/lib/thumb/v7-m/nofp/libg.a(lib_a-puts.o) (strlen)
/opt/homebrew/Cellar/arm-none-eabi-gcc/10.3-2021.07/gcc/bin/../lib/gcc/arm-none-eabi/10.3.1/../../../../arm-none-eabi/lib/thumb/v7-m/nofp/libg.a(lib_a-vfprintf.o)
                              /opt/homebrew/Cellar/arm-none-eabi-gcc/10.3-2021.07/gcc/bin/../lib/gcc/arm-none-eabi/10.3.1/../../../../arm-none-eabi/lib/thumb/v7-m/nofp/libg.a(lib_a-printf.o) (_vfprintf_r)
/opt/homebrew/Cellar/arm-none-eabi-gcc/10.3-2021.07/gcc/bin/../lib/gcc/arm-none-eabi/10.3.1/../../../../arm-none-eabi/lib/thumb/v7-m/nofp/libg.a(lib_a-wsetup.o)
                              /opt/homebrew/Cellar/arm-none-eabi-gcc/10.3-2021.07/gcc/bin/../lib/gcc/arm-none-eabi/10.3.1/../../../../arm-none-eabi/lib/thumb/v7-m/nofp/libg.a(lib_a-vfprintf.o) (__swsetup_r)
/opt/homebrew/Cellar/arm-none-eabi-gcc/10.3-2021.07/gcc/bin/../lib/gcc/arm-none-eabi/10.3.1/../../../../arm-none-eabi/lib/thumb/v7-m/nofp/libg.a(lib_a-__call_atexit.o)
                              /opt/homebrew/Cellar/arm-none-eabi-gcc/10.3-2021.07/gcc/bin/../lib/gcc/arm-none-eabi/10.3.1/../../../../arm-none-eabi/lib/thumb/v7-m/nofp/libg.a(lib_a-exit.o) (__call_exitprocs)
/opt/homebrew/Cellar/arm-none-eabi-gcc/10.3-2021.07/gcc/bin/../lib/gcc/arm-none-eabi/10.3.1/../../../../arm-none-eabi/lib/thumb/v7-m/nofp/libg.a(lib_a-atexit.o)
[...]
Memory Configuration

Name             Origin             Length             Attributes
RAM              0x0000000020000000 0x0000000000005000 xrw
FLASH            0x0000000008000000 0x0000000000020000 xr
*default*        0x0000000000000000 0xffffffffffffffff

Linker script and memory map

LOAD /opt/homebrew/Cellar/arm-none-eabi-gcc/10.3-2021.07/gcc/bin/../lib/gcc/arm-none-eabi/10.3.1/thumb/v7-m/nofp/crti.o
LOAD /opt/homebrew/Cellar/arm-none-eabi-gcc/10.3-2021.07/gcc/bin/../lib/gcc/arm-none-eabi/10.3.1/thumb/v7-m/nofp/crtbegin.o
LOAD /opt/homebrew/Cellar/arm-none-eabi-gcc/10.3-2021.07/gcc/bin/../lib/gcc/arm-none-eabi/10.3.1/../../../../arm-none-eabi/lib/thumb/v7-m/nofp/crt0.o
LOAD CMakeFiles/Proj32.elf.dir/Core/Src/bsp_spi_flash.c.obj
LOAD CMakeFiles/Proj32.elf.dir/Core/Src/main.c.obj
LOAD CMakeFiles/Proj32.elf.dir/Core/Src/oled.c.obj
LOAD CMakeFiles/Proj32.elf.dir/Core/Src/stm32f1xx_hal_msp.c.obj
LOAD CMakeFiles/Proj32.elf.dir/Core/Src/stm32f1xx_it.c.obj
LOAD CMakeFiles/Proj32.elf.dir/Core/Src/syscalls.c.obj
LOAD CMakeFiles/Proj32.elf.dir/Core/Src/sysmem.c.obj
LOAD CMakeFiles/Proj32.elf.dir/Core/Src/system_stm32f1xx.c.obj
LOAD CMakeFiles/Proj32.elf.dir/Core/Startup/startup_stm32f103vbtx.s.obj
LOAD CMakeFiles/Proj32.elf.dir/Drivers/STM32F1xx_HAL_Driver/Src/stm32f1xx_hal.c.obj
LOAD CMakeFiles/Proj32.elf.dir/Drivers/STM32F1xx_HAL_Driver/Src/stm32f1xx_hal_adc.c.obj
LOAD CMakeFiles/Proj32.elf.dir/Drivers/STM32F1xx_HAL_Driver/Src/stm32f1xx_hal_adc_ex.c.obj
LOAD CMakeFiles/Proj32.elf.dir/Drivers/STM32F1xx_HAL_Driver/Src/stm32f1xx_hal_cortex.c.obj
LOAD CMakeFiles/Proj32.elf.dir/Drivers/STM32F1xx_HAL_Driver/Src/stm32f1xx_hal_dma.c.obj
LOAD CMakeFiles/Proj32.elf.dir/Drivers/STM32F1xx_HAL_Driver/Src/stm32f1xx_hal_exti.c.obj
LOAD CMakeFiles/Proj32.elf.dir/Drivers/STM32F1xx_HAL_Driver/Src/stm32f1xx_hal_flash.c.obj
LOAD CMakeFiles/Proj32.elf.dir/Drivers/STM32F1xx_HAL_Driver/Src/stm32f1xx_hal_flash_ex.c.obj
LOAD CMakeFiles/Proj32.elf.dir/Drivers/STM32F1xx_HAL_Driver/Src/stm32f1xx_hal_gpio.c.obj
LOAD CMakeFiles/Proj32.elf.dir/Drivers/STM32F1xx_HAL_Driver/Src/stm32f1xx_hal_gpio_ex.c.obj
LOAD CMakeFiles/Proj32.elf.dir/Drivers/STM32F1xx_HAL_Driver/Src/stm32f1xx_hal_i2c.c.obj
LOAD CMakeFiles/Proj32.elf.dir/Drivers/STM32F1xx_HAL_Driver/Src/stm32f1xx_hal_pcd.c.obj
LOAD CMakeFiles/Proj32.elf.dir/Drivers/STM32F1xx_HAL_Driver/Src/stm32f1xx_hal_pcd_ex.c.obj
LOAD CMakeFiles/Proj32.elf.dir/Drivers/STM32F1xx_HAL_Driver/Src/stm32f1xx_hal_pwr.c.obj
LOAD CMakeFiles/Proj32.elf.dir/Drivers/STM32F1xx_HAL_Driver/Src/stm32f1xx_hal_rcc.c.obj
LOAD CMakeFiles/Proj32.elf.dir/Drivers/STM32F1xx_HAL_Driver/Src/stm32f1xx_hal_rcc_ex.c.obj
LOAD CMakeFiles/Proj32.elf.dir/Drivers/STM32F1xx_HAL_Driver/Src/stm32f1xx_hal_spi.c.obj
LOAD CMakeFiles/Proj32.elf.dir/Drivers/STM32F1xx_HAL_Driver/Src/stm32f1xx_hal_tim.c.obj
LOAD CMakeFiles/Proj32.elf.dir/Drivers/STM32F1xx_HAL_Driver/Src/stm32f1xx_hal_tim_ex.c.obj
LOAD CMakeFiles/Proj32.elf.dir/Drivers/STM32F1xx_HAL_Driver/Src/stm32f1xx_hal_uart.c.obj
LOAD CMakeFiles/Proj32.elf.dir/Drivers/STM32F1xx_HAL_Driver/Src/stm32f1xx_ll_usb.c.obj
LOAD CMakeFiles/Proj32.elf.dir/FATFS/App/fatfs.c.obj
LOAD CMakeFiles/Proj32.elf.dir/FATFS/Target/user_diskio.c.obj
LOAD CMakeFiles/Proj32.elf.dir/Middlewares/ST/STM32_USB_Device_Library/Class/CDC/Src/usbd_cdc.c.obj
LOAD CMakeFiles/Proj32.elf.dir/Middlewares/ST/STM32_USB_Device_Library/Core/Src/usbd_core.c.obj
LOAD CMakeFiles/Proj32.elf.dir/Middlewares/ST/STM32_USB_Device_Library/Core/Src/usbd_ctlreq.c.obj
LOAD CMakeFiles/Proj32.elf.dir/Middlewares/ST/STM32_USB_Device_Library/Core/Src/usbd_ioreq.c.obj
LOAD CMakeFiles/Proj32.elf.dir/Middlewares/Third_Party/FatFs/src/diskio.c.obj
LOAD CMakeFiles/Proj32.elf.dir/Middlewares/Third_Party/FatFs/src/ff.c.obj
LOAD CMakeFiles/Proj32.elf.dir/Middlewares/Third_Party/FatFs/src/ff_gen_drv.c.obj
LOAD CMakeFiles/Proj32.elf.dir/Middlewares/Third_Party/FatFs/src/option/syscall.c.obj
LOAD CMakeFiles/Proj32.elf.dir/USB_DEVICE/App/usb_device.c.obj
LOAD CMakeFiles/Proj32.elf.dir/USB_DEVICE/App/usbd_cdc_if.c.obj
LOAD CMakeFiles/Proj32.elf.dir/USB_DEVICE/App/usbd_desc.c.obj
LOAD CMakeFiles/Proj32.elf.dir/USB_DEVICE/Target/usbd_conf.c.obj
START GROUP
LOAD /opt/homebrew/Cellar/arm-none-eabi-gcc/10.3-2021.07/gcc/bin/../lib/gcc/arm-none-eabi/10.3.1/thumb/v7-m/nofp/libgcc.a
LOAD /opt/homebrew/Cellar/arm-none-eabi-gcc/10.3-2021.07/gcc/bin/../lib/gcc/arm-none-eabi/10.3.1/../../../../arm-none-eabi/lib/thumb/v7-m/nofp/libg.a
LOAD /opt/homebrew/Cellar/arm-none-eabi-gcc/10.3-2021.07/gcc/bin/../lib/gcc/arm-none-eabi/10.3.1/../../../../arm-none-eabi/lib/thumb/v7-m/nofp/libc.a
END GROUP
LOAD /opt/homebrew/Cellar/arm-none-eabi-gcc/10.3-2021.07/gcc/bin/../lib/gcc/arm-none-eabi/10.3.1/thumb/v7-m/nofp/crtend.o
LOAD /opt/homebrew/Cellar/arm-none-eabi-gcc/10.3-2021.07/gcc/bin/../lib/gcc/arm-none-eabi/10.3.1/thumb/v7-m/nofp/crtn.o
                0x0000000020005000                _estack = (ORIGIN (RAM) + LENGTH (RAM))
                0x0000000000001000                _Min_Heap_Size = 0x1000
                0x0000000000001000                _Min_Stack_Size = 0x1000

.isr_vector     0x0000000008000000      0x10c
                0x0000000008000000                . = ALIGN (0x4)
 *(.isr_vector)
 .isr_vector    0x0000000008000000      0x10c CMakeFiles/Proj32.elf.dir/Core/Startup/startup_stm32f103vbtx.s.obj
                0x0000000008000000                g_pfnVectors
                0x000000000800010c                . = ALIGN (0x4)

.text           0x0000000008000110     0xd2e0
                0x0000000008000110                . = ALIGN (0x4)
 *(.text)
 .text          0x0000000008000110       0x40 /opt/homebrew/Cellar/arm-none-eabi-gcc/10.3-2021.07/gcc/bin/../lib/gcc/arm-none-eabi/10.3.1/thumb/v7-m/nofp/crtbegin.o
 .text          0x0000000008000150      0x378 /opt/homebrew/Cellar/arm-none-eabi-gcc/10.3-2021.07/gcc/bin/../lib/gcc/arm-none-eabi/10.3.1/thumb/v7-m/nofp/libgcc.a(_arm_addsubdf3.o)
                0x0000000008000150                __aeabi_drsub
                0x0000000008000158                __subdf3
                0x0000000008000158                __aeabi_dsub
                0x000000000800015c                __aeabi_dadd
                0x000000000800015c                __adddf3
                0x00000000080003d4                __aeabi_ui2d
                0x00000000080003d4                __floatunsidf
                0x00000000080003f4                __floatsidf
                0x00000000080003f4                __aeabi_i2d
                0x0000000008000418                __extendsfdf2
                0x0000000008000418                __aeabi_f2d
                0x000000000800045c                __aeabi_ul2d
                0x000000000800045c                __floatundidf
                0x000000000800046c                __aeabi_l2d
                0x000000000800046c                __floatdidf
 .text          0x00000000080004c8       0xec /opt/homebrew/Cellar/arm-none-eabi-gcc/10.3-2021.07/gcc/bin/../lib/gcc/arm-none-eabi/10.3.1/../../../../arm-none-eabi/lib/thumb/v7-m/nofp/libg.a(lib_a-memcpy.o)
                0x00000000080004c8                memcpy
 .text          0x00000000080005b4      0x424 /opt/homebrew/Cellar/arm-none-eabi-gcc/10.3-2021.07/gcc/bin/../lib/gcc/arm-none-eabi/10.3.1/thumb/v7-m/nofp/libgcc.a(_arm_muldivdf3.o)
                0x00000000080005b4                __aeabi_dmul
                0x00000000080005b4                __muldf3
                0x0000000008000808                __aeabi_ddiv
                0x0000000008000808                __divdf3
 .text          0x00000000080009d8      0x110 /opt/homebrew/Cellar/arm-none-eabi-gcc/10.3-2021.07/gcc/bin/../lib/gcc/arm-none-eabi/10.3.1/thumb/v7-m/nofp/libgcc.a(_arm_cmpdf2.o)
                0x00000000080009d8                __gedf2
                0x00000000080009d8                __gtdf2
                0x00000000080009e0                __ledf2
                0x00000000080009e0                __ltdf2
                0x00000000080009e8                __cmpdf2
                0x00000000080009e8                __eqdf2
                0x00000000080009e8                __nedf2
                0x0000000008000a64                __aeabi_cdrcmple
                0x0000000008000a74                __aeabi_cdcmple
                0x0000000008000a74                __aeabi_cdcmpeq
                0x0000000008000a84                __aeabi_dcmpeq
                0x0000000008000a98                __aeabi_dcmplt
                0x0000000008000aac                __aeabi_dcmple
                0x0000000008000ac0                __aeabi_dcmpge
                0x0000000008000ad4                __aeabi_dcmpgt
 .text          0x0000000008000ae8       0x2c /opt/homebrew/Cellar/arm-none-eabi-gcc/10.3-2021.07/gcc/bin/../lib/gcc/arm-none-eabi/10.3.1/thumb/v7-m/nofp/libgcc.a(_arm_unorddf2.o)
                0x0000000008000ae8                __aeabi_dcmpun
                0x0000000008000ae8                __unorddf2
 .text          0x0000000008000b14       0x50 /opt/homebrew/Cellar/arm-none-eabi-gcc/10.3-2021.07/gcc/bin/../lib/gcc/arm-none-eabi/10.3.1/thumb/v7-m/nofp/libgcc.a(_arm_fixdfsi.o)
                0x0000000008000b14                __fixdfsi
                0x0000000008000b14                __aeabi_d2iz
 .text          0x0000000008000b64       0x30 /opt/homebrew/Cellar/arm-none-eabi-gcc/10.3-2021.07/gcc/bin/../lib/gcc/arm-none-eabi/10.3.1/thumb/v7-m/nofp/libgcc.a(_aeabi_uldivmod.o)
                0x0000000008000b64                __aeabi_uldivmod
 .text          0x0000000008000b94      0x2d4 /opt/homebrew/Cellar/arm-none-eabi-gcc/10.3-2021.07/gcc/bin/../lib/gcc/arm-none-eabi/10.3.1/thumb/v7-m/nofp/libgcc.a(_udivmoddi4.o)
                0x0000000008000b94                __udivmoddi4
 .text          0x0000000008000e68        0x4 /opt/homebrew/Cellar/arm-none-eabi-gcc/10.3-2021.07/gcc/bin/../lib/gcc/arm-none-eabi/10.3.1/thumb/v7-m/nofp/libgcc.a(_dvmd_tls.o)
                0x0000000008000e68                __aeabi_ldiv0
                0x0000000008000e68                __aeabi_idiv0
 *(.text*)
 .text.SPI2_ReadWriteByte
                0x0000000008000e6c       0x2c CMakeFiles/Proj32.elf.dir/Core/Src/bsp_spi_flash.c.obj
                0x0000000008000e6c                SPI2_ReadWriteByte
 .text.W25QXX_Write_Enable
                0x0000000008000e98       0x24 CMakeFiles/Proj32.elf.dir/Core/Src/bsp_spi_flash.c.obj
                0x0000000008000e98                W25QXX_Write_Enable
 .text.W25QXX_ReadID
                0x0000000008000ebc       0x4c CMakeFiles/Proj32.elf.dir/Core/Src/bsp_spi_flash.c.obj
                0x0000000008000ebc                W25QXX_ReadID
 .text.SPI_FLASH_BufferRead
                0x0000000008000f08       0x54 CMakeFiles/Proj32.elf.dir/Core/Src/bsp_spi_flash.c.obj
                0x0000000008000f08                SPI_FLASH_BufferRead
 .text.SPI_FLASH_WaitForWriteEnd
                0x0000000008000f5c       0x30 CMakeFiles/Proj32.elf.dir/Core/Src/bsp_spi_flash.c.obj
                0x0000000008000f5c                SPI_FLASH_WaitForWriteEnd
 .text.SPI_FLASH_SectorErase
                0x0000000008000f8c       0x48 CMakeFiles/Proj32.elf.dir/Core/Src/bsp_spi_flash.c.obj
                0x0000000008000f8c                SPI_FLASH_SectorErase
 .text.SPI_FLASH_PageWrite
                0x0000000008000fd4       0x64 CMakeFiles/Proj32.elf.dir/Core/Src/bsp_spi_flash.c.obj
                0x0000000008000fd4                SPI_FLASH_PageWrite
 .text.SPI_FLASH_BufferWrite
                0x0000000008001038       0xc8 CMakeFiles/Proj32.elf.dir/Core/Src/bsp_spi_flash.c.obj
                0x0000000008001038                SPI_FLASH_BufferWrite
 .text.MX_GPIO_Init
                0x0000000008001100      0x108 CMakeFiles/Proj32.elf.dir/Core/Src/main.c.obj
 .text.Get_MCU_Info
                0x0000000008001208       0x7c CMakeFiles/Proj32.elf.dir/Core/Src/main.c.obj
                0x0000000008001208                Get_MCU_Info
 .text.FLASH_Inside_Wr
                0x0000000008001284       0x44 CMakeFiles/Proj32.elf.dir/Core/Src/main.c.obj
                0x0000000008001284                FLASH_Inside_Wr
 .text.FLASH_Inside_Rd
                0x00000000080012c8       0x12 CMakeFiles/Proj32.elf.dir/Core/Src/main.c.obj
                0x00000000080012c8                FLASH_Inside_Rd
 *fill*         0x00000000080012da        0x2 
 .text.FLASH_Inside_Test
                0x00000000080012dc       0x44 CMakeFiles/Proj32.elf.dir/Core/Src/main.c.obj
                0x00000000080012dc                FLASH_Inside_Test
 .text.SPI_FLASH_Test
                0x0000000008001320       0x94 CMakeFiles/Proj32.elf.dir/Core/Src/main.c.obj
                0x0000000008001320                SPI_FLASH_Test
 .text.EEPROM_IIC_Test
                0x00000000080013b4       0xb0 CMakeFiles/Proj32.elf.dir/Core/Src/main.c.obj
                0x00000000080013b4                EEPROM_IIC_Test
 .text.HAL_GPIO_EXTI_Callback
                0x0000000008001464       0x1c CMakeFiles/Proj32.elf.dir/Core/Src/main.c.obj
                0x0000000008001464                HAL_GPIO_EXTI_Callback
 .text.__io_putchar
                0x0000000008001480       0x20 CMakeFiles/Proj32.elf.dir/Core/Src/main.c.obj
                0x0000000008001480                __io_putchar
 .text.Error_Handler
                0x00000000080014a0        0x4 CMakeFiles/Proj32.elf.dir/Core/Src/main.c.obj
                0x00000000080014a0                Error_Handler
 .text.MX_USART1_UART_Init
                0x00000000080014a4       0x40 CMakeFiles/Proj32.elf.dir/Core/Src/main.c.obj
 .text.MX_I2C1_Init
                0x00000000080014e4       0x38 CMakeFiles/Proj32.elf.dir/Core/Src/main.c.obj
 .text.MX_SPI1_Init
                0x000000000800151c       0x40 CMakeFiles/Proj32.elf.dir/Core/Src/main.c.obj
 .text.MX_ADC1_Init
                0x000000000800155c       0x58 CMakeFiles/Proj32.elf.dir/Core/Src/main.c.obj
 .text.SystemClock_Config
                0x00000000080015b4       0x88 CMakeFiles/Proj32.elf.dir/Core/Src/main.c.obj
                0x00000000080015b4                SystemClock_Config
 .text.main     0x000000000800163c       0x94 CMakeFiles/Proj32.elf.dir/Core/Src/main.c.obj
                0x000000000800163c                main
 .text.HAL_MspInit
                0x00000000080016d0       0x44 CMakeFiles/Proj32.elf.dir/Core/Src/stm32f1xx_hal_msp.c.obj
                0x00000000080016d0                HAL_MspInit
 .text.HAL_ADC_MspInit
                0x0000000008001714       0x2c CMakeFiles/Proj32.elf.dir/Core/Src/stm32f1xx_hal_msp.c.obj
                0x0000000008001714                HAL_ADC_MspInit
 .text.HAL_I2C_MspInit
                0x0000000008001740       0x64 CMakeFiles/Proj32.elf.dir/Core/Src/stm32f1xx_hal_msp.c.obj
                0x0000000008001740                HAL_I2C_MspInit
 .text.HAL_SPI_MspInit
                0x00000000080017a4       0x74 CMakeFiles/Proj32.elf.dir/Core/Src/stm32f1xx_hal_msp.c.obj
                0x00000000080017a4                HAL_SPI_MspInit
 .text.HAL_UART_MspInit
                0x0000000008001818       0x88 CMakeFiles/Proj32.elf.dir/Core/Src/stm32f1xx_hal_msp.c.obj
                0x0000000008001818                HAL_UART_MspInit
 .text.NMI_Handler
                0x00000000080018a0        0x2 CMakeFiles/Proj32.elf.dir/Core/Src/stm32f1xx_it.c.obj
                0x00000000080018a0                NMI_Handler
 .text.HardFault_Handler
                0x00000000080018a2        0x2 CMakeFiles/Proj32.elf.dir/Core/Src/stm32f1xx_it.c.obj
                0x00000000080018a2                HardFault_Handler
 .text.MemManage_Handler
                0x00000000080018a4        0x2 CMakeFiles/Proj32.elf.dir/Core/Src/stm32f1xx_it.c.obj
                0x00000000080018a4                MemManage_Handler
 .text.BusFault_Handler
                0x00000000080018a6        0x2 CMakeFiles/Proj32.elf.dir/Core/Src/stm32f1xx_it.c.obj
                0x00000000080018a6                BusFault_Handler
 .text.UsageFault_Handler
                0x00000000080018a8        0x2 CMakeFiles/Proj32.elf.dir/Core/Src/stm32f1xx_it.c.obj
                0x00000000080018a8                UsageFault_Handler
 .text.SVC_Handler
                0x00000000080018aa        0x2 CMakeFiles/Proj32.elf.dir/Core/Src/stm32f1xx_it.c.obj
                0x00000000080018aa                SVC_Handler
 .text.DebugMon_Handler
                0x00000000080018ac        0x2 CMakeFiles/Proj32.elf.dir/Core/Src/stm32f1xx_it.c.obj
                0x00000000080018ac                DebugMon_Handler
 .text.PendSV_Handler
                0x00000000080018ae        0x2 CMakeFiles/Proj32.elf.dir/Core/Src/stm32f1xx_it.c.obj
                0x00000000080018ae                PendSV_Handler
 .text.SysTick_Handler
                0x00000000080018b0        0x8 CMakeFiles/Proj32.elf.dir/Core/Src/stm32f1xx_it.c.obj
                0x00000000080018b0                SysTick_Handler
 .text.USB_LP_CAN1_RX0_IRQHandler
                0x00000000080018b8       0x10 CMakeFiles/Proj32.elf.dir/Core/Src/stm32f1xx_it.c.obj
                0x00000000080018b8                USB_LP_CAN1_RX0_IRQHandler
 .text.USART1_IRQHandler
                0x00000000080018c8       0x78 CMakeFiles/Proj32.elf.dir/Core/Src/stm32f1xx_it.c.obj
                0x00000000080018c8                USART1_IRQHandler
 .text.EXTI15_10_IRQHandler
                0x0000000008001940        0xc CMakeFiles/Proj32.elf.dir/Core/Src/stm32f1xx_it.c.obj
                0x0000000008001940                EXTI15_10_IRQHandler
 .text._getpid  0x000000000800194c        0x4 CMakeFiles/Proj32.elf.dir/Core/Src/syscalls.c.obj
                0x000000000800194c                _getpid
 .text._kill    0x0000000008001950       0x10 CMakeFiles/Proj32.elf.dir/Core/Src/syscalls.c.obj
                0x0000000008001950                _kill
 .text._exit    0x0000000008001960        0xc CMakeFiles/Proj32.elf.dir/Core/Src/syscalls.c.obj
                0x0000000008001960                _exit
 .text._read    0x000000000800196c       0x20 CMakeFiles/Proj32.elf.dir/Core/Src/syscalls.c.obj
                0x000000000800196c                _read
 .text._write   0x000000000800198c       0x1c CMakeFiles/Proj32.elf.dir/Core/Src/syscalls.c.obj
                0x000000000800198c                _write
 .text._close   0x00000000080019a8        0x6 CMakeFiles/Proj32.elf.dir/Core/Src/syscalls.c.obj
                0x00000000080019a8                _close
 .text._fstat   0x00000000080019ae        0xa CMakeFiles/Proj32.elf.dir/Core/Src/syscalls.c.obj
                0x00000000080019ae                _fstat
 .text._isatty  0x00000000080019b8        0x4 CMakeFiles/Proj32.elf.dir/Core/Src/syscalls.c.obj
                0x00000000080019b8                _isatty
 .text._lseek   0x00000000080019bc        0x4 CMakeFiles/Proj32.elf.dir/Core/Src/syscalls.c.obj
                0x00000000080019bc                _lseek
 .text._sbrk    0x00000000080019c0       0x48 CMakeFiles/Proj32.elf.dir/Core/Src/sysmem.c.obj
                0x00000000080019c0                _sbrk
 .text.SystemInit
                0x0000000008001a08        0x2 CMakeFiles/Proj32.elf.dir/Core/Src/system_stm32f1xx.c.obj
                0x0000000008001a08                SystemInit
 *fill*         0x0000000008001a0a        0x2 
 .text.Reset_Handler
                0x0000000008001a0c       0x48 CMakeFiles/Proj32.elf.dir/Core/Startup/startup_stm32f103vbtx.s.obj
                0x0000000008001a0c                Reset_Handler
 .text.Default_Handler
                0x0000000008001a54        0x2 CMakeFiles/Proj32.elf.dir/Core/Startup/startup_stm32f103vbtx.s.obj
                0x0000000008001a54                USBWakeUp_IRQHandler
                0x0000000008001a54                EXTI2_IRQHandler
                0x0000000008001a54                TIM1_CC_IRQHandler
                0x0000000008001a54                PVD_IRQHandler
                0x0000000008001a54                EXTI3_IRQHandler
                0x0000000008001a54                EXTI0_IRQHandler
                0x0000000008001a54                I2C2_EV_IRQHandler
                0x0000000008001a54                ADC1_2_IRQHandler
                0x0000000008001a54                SPI1_IRQHandler
                0x0000000008001a54                TAMPER_IRQHandler
                0x0000000008001a54                DMA1_Channel4_IRQHandler
                0x0000000008001a54                USART3_IRQHandler
                0x0000000008001a54                RTC_IRQHandler
                0x0000000008001a54                DMA1_Channel7_IRQHandler
                0x0000000008001a54                CAN1_RX1_IRQHandler
                0x0000000008001a54                TIM4_IRQHandler
                0x0000000008001a54                I2C1_EV_IRQHandler
                0x0000000008001a54                DMA1_Channel6_IRQHandler
                0x0000000008001a54                TIM3_IRQHandler
                0x0000000008001a54                RCC_IRQHandler
                0x0000000008001a54                TIM1_TRG_COM_IRQHandler
                0x0000000008001a54                DMA1_Channel1_IRQHandler
                0x0000000008001a54                Default_Handler
                0x0000000008001a54                EXTI9_5_IRQHandler
                0x0000000008001a54                SPI2_IRQHandler
                0x0000000008001a54                DMA1_Channel5_IRQHandler
                0x0000000008001a54                EXTI4_IRQHandler
                0x0000000008001a54                USB_HP_CAN1_TX_IRQHandler
                0x0000000008001a54                DMA1_Channel3_IRQHandler
                0x0000000008001a54                TIM1_UP_IRQHandler
                0x0000000008001a54                WWDG_IRQHandler
                0x0000000008001a54                TIM2_IRQHandler
                0x0000000008001a54                TIM1_BRK_IRQHandler
                0x0000000008001a54                EXTI1_IRQHandler
                0x0000000008001a54                USART2_IRQHandler
                0x0000000008001a54                I2C2_ER_IRQHandler
                0x0000000008001a54                DMA1_Channel2_IRQHandler
                0x0000000008001a54                CAN1_SCE_IRQHandler
                0x0000000008001a54                FLASH_IRQHandler
                0x0000000008001a54                I2C1_ER_IRQHandler
                0x0000000008001a54                RTC_Alarm_IRQHandler
 *fill*         0x0000000008001a56        0x2 
 .text.HAL_InitTick
                0x0000000008001a58       0x4c CMakeFiles/Proj32.elf.dir/Drivers/STM32F1xx_HAL_Driver/Src/stm32f1xx_hal.c.obj
                0x0000000008001a58                HAL_InitTick
 .text.HAL_Init
                0x0000000008001aa4       0x24 CMakeFiles/Proj32.elf.dir/Drivers/STM32F1xx_HAL_Driver/Src/stm32f1xx_hal.c.obj
                0x0000000008001aa4                HAL_Init
 .text.HAL_IncTick
                0x0000000008001ac8       0x18 CMakeFiles/Proj32.elf.dir/Drivers/STM32F1xx_HAL_Driver/Src/stm32f1xx_hal.c.obj
                0x0000000008001ac8                HAL_IncTick
 .text.HAL_GetTick
                0x0000000008001ae0        0xc CMakeFiles/Proj32.elf.dir/Drivers/STM32F1xx_HAL_Driver/Src/stm32f1xx_hal.c.obj
                0x0000000008001ae0                HAL_GetTick
 .text.HAL_Delay
                0x0000000008001aec       0x28 CMakeFiles/Proj32.elf.dir/Drivers/STM32F1xx_HAL_Driver/Src/stm32f1xx_hal.c.obj
                0x0000000008001aec                HAL_Delay
 .text.HAL_GetHalVersion
                0x0000000008001b14        0x8 CMakeFiles/Proj32.elf.dir/Drivers/STM32F1xx_HAL_Driver/Src/stm32f1xx_hal.c.obj
                0x0000000008001b14                HAL_GetHalVersion
 .text.HAL_GetREVID
                0x0000000008001b1c        0xc CMakeFiles/Proj32.elf.dir/Drivers/STM32F1xx_HAL_Driver/Src/stm32f1xx_hal.c.obj
                0x0000000008001b1c                HAL_GetREVID
 .text.HAL_GetDEVID
                0x0000000008001b28       0x10 CMakeFiles/Proj32.elf.dir/Drivers/STM32F1xx_HAL_Driver/Src/stm32f1xx_hal.c.obj
                0x0000000008001b28                HAL_GetDEVID
 .text.HAL_GetUIDw0
                0x0000000008001b38        0xc CMakeFiles/Proj32.elf.dir/Drivers/STM32F1xx_HAL_Driver/Src/stm32f1xx_hal.c.obj
                0x0000000008001b38                HAL_GetUIDw0
 .text.HAL_GetUIDw1
                0x0000000008001b44        0xc CMakeFiles/Proj32.elf.dir/Drivers/STM32F1xx_HAL_Driver/Src/stm32f1xx_hal.c.obj
                0x0000000008001b44                HAL_GetUIDw1
 .text.HAL_GetUIDw2
                0x0000000008001b50        0xc CMakeFiles/Proj32.elf.dir/Drivers/STM32F1xx_HAL_Driver/Src/stm32f1xx_hal.c.obj
                0x0000000008001b50                HAL_GetUIDw2
 .text.HAL_ADC_ConfigChannel
                0x0000000008001b5c      0x144 CMakeFiles/Proj32.elf.dir/Drivers/STM32F1xx_HAL_Driver/Src/stm32f1xx_hal_adc.c.obj
                0x0000000008001b5c                HAL_ADC_ConfigChannel
 .text.ADC_ConversionStop_Disable
                0x0000000008001ca0       0x56 CMakeFiles/Proj32.elf.dir/Drivers/STM32F1xx_HAL_Driver/Src/stm32f1xx_hal_adc.c.obj
                0x0000000008001ca0                ADC_ConversionStop_Disable
 *fill*         0x0000000008001cf6        0x2 
 .text.HAL_ADC_Init
                0x0000000008001cf8      0x108 CMakeFiles/Proj32.elf.dir/Drivers/STM32F1xx_HAL_Driver/Src/stm32f1xx_hal_adc.c.obj
                0x0000000008001cf8                HAL_ADC_Init
 .text.HAL_NVIC_SetPriorityGrouping
                0x0000000008001e00       0x24 CMakeFiles/Proj32.elf.dir/Drivers/STM32F1xx_HAL_Driver/Src/stm32f1xx_hal_cortex.c.obj
                0x0000000008001e00                HAL_NVIC_SetPriorityGrouping
 .text.HAL_NVIC_SetPriority
                0x0000000008001e24       0x70 CMakeFiles/Proj32.elf.dir/Drivers/STM32F1xx_HAL_Driver/Src/stm32f1xx_hal_cortex.c.obj
                0x0000000008001e24                HAL_NVIC_SetPriority
 .text.HAL_NVIC_EnableIRQ
                0x0000000008001e94       0x1c CMakeFiles/Proj32.elf.dir/Drivers/STM32F1xx_HAL_Driver/Src/stm32f1xx_hal_cortex.c.obj
                0x0000000008001e94                HAL_NVIC_EnableIRQ
 .text.HAL_SYSTICK_Config
                0x0000000008001eb0       0x28 CMakeFiles/Proj32.elf.dir/Drivers/STM32F1xx_HAL_Driver/Src/stm32f1xx_hal_cortex.c.obj
                0x0000000008001eb0                HAL_SYSTICK_Config
 .text.HAL_DMA_Abort
                0x0000000008001ed8       0x44 CMakeFiles/Proj32.elf.dir/Drivers/STM32F1xx_HAL_Driver/Src/stm32f1xx_hal_dma.c.obj
                0x0000000008001ed8                HAL_DMA_Abort
 .text.HAL_DMA_Abort_IT
                0x0000000008001f1c       0x98 CMakeFiles/Proj32.elf.dir/Drivers/STM32F1xx_HAL_Driver/Src/stm32f1xx_hal_dma.c.obj
                0x0000000008001f1c                HAL_DMA_Abort_IT
 .text.FLASH_Program_HalfWord
                0x0000000008001fb4       0x1c CMakeFiles/Proj32.elf.dir/Drivers/STM32F1xx_HAL_Driver/Src/stm32f1xx_hal_flash.c.obj
 .text.FLASH_SetErrorCode
                0x0000000008001fd0       0x70 CMakeFiles/Proj32.elf.dir/Drivers/STM32F1xx_HAL_Driver/Src/stm32f1xx_hal_flash.c.obj
 .text.HAL_FLASH_Unlock
                0x0000000008002040       0x34 CMakeFiles/Proj32.elf.dir/Drivers/STM32F1xx_HAL_Driver/Src/stm32f1xx_hal_flash.c.obj
                0x0000000008002040                HAL_FLASH_Unlock
 .text.HAL_FLASH_Lock
                0x0000000008002074       0x14 CMakeFiles/Proj32.elf.dir/Drivers/STM32F1xx_HAL_Driver/Src/stm32f1xx_hal_flash.c.obj
                0x0000000008002074                HAL_FLASH_Lock
 .text.FLASH_WaitForLastOperation
                0x0000000008002088       0x68 CMakeFiles/Proj32.elf.dir/Drivers/STM32F1xx_HAL_Driver/Src/stm32f1xx_hal_flash.c.obj
                0x0000000008002088                FLASH_WaitForLastOperation
 .text.HAL_FLASH_Program
                0x00000000080020f0       0xa0 CMakeFiles/Proj32.elf.dir/Drivers/STM32F1xx_HAL_Driver/Src/stm32f1xx_hal_flash.c.obj
                0x00000000080020f0                HAL_FLASH_Program
 .text.FLASH_MassErase
                0x0000000008002190       0x24 CMakeFiles/Proj32.elf.dir/Drivers/STM32F1xx_HAL_Driver/Src/stm32f1xx_hal_flash_ex.c.obj
 .text.FLASH_PageErase
                0x00000000080021b4       0x24 CMakeFiles/Proj32.elf.dir/Drivers/STM32F1xx_HAL_Driver/Src/stm32f1xx_hal_flash_ex.c.obj
                0x00000000080021b4                FLASH_PageErase
 .text.HAL_FLASHEx_Erase
                0x00000000080021d8       0xa4 CMakeFiles/Proj32.elf.dir/Drivers/STM32F1xx_HAL_Driver/Src/stm32f1xx_hal_flash_ex.c.obj
                0x00000000080021d8                HAL_FLASHEx_Erase
 .text.HAL_GPIO_Init
                0x000000000800227c      0x224 CMakeFiles/Proj32.elf.dir/Drivers/STM32F1xx_HAL_Driver/Src/stm32f1xx_hal_gpio.c.obj
                0x000000000800227c                HAL_GPIO_Init
 .text.HAL_GPIO_WritePin
                0x00000000080024a0        0xc CMakeFiles/Proj32.elf.dir/Drivers/STM32F1xx_HAL_Driver/Src/stm32f1xx_hal_gpio.c.obj
                0x00000000080024a0                HAL_GPIO_WritePin
 .text.HAL_GPIO_TogglePin
                0x00000000080024ac       0x12 CMakeFiles/Proj32.elf.dir/Drivers/STM32F1xx_HAL_Driver/Src/stm32f1xx_hal_gpio.c.obj
                0x00000000080024ac                HAL_GPIO_TogglePin
 *fill*         0x00000000080024be        0x2 
 .text.HAL_GPIO_EXTI_IRQHandler
                0x00000000080024c0       0x1c CMakeFiles/Proj32.elf.dir/Drivers/STM32F1xx_HAL_Driver/Src/stm32f1xx_hal_gpio.c.obj
                0x00000000080024c0                HAL_GPIO_EXTI_IRQHandler
 .text.I2C_IsAcknowledgeFailed
                0x00000000080024dc       0x32 CMakeFiles/Proj32.elf.dir/Drivers/STM32F1xx_HAL_Driver/Src/stm32f1xx_hal_i2c.c.obj
 .text.I2C_WaitOnFlagUntilTimeout
                0x000000000800250e       0x7c CMakeFiles/Proj32.elf.dir/Drivers/STM32F1xx_HAL_Driver/Src/stm32f1xx_hal_i2c.c.obj
 .text.I2C_WaitOnMasterAddressFlagUntilTimeout
                0x000000000800258a       0xaa CMakeFiles/Proj32.elf.dir/Drivers/STM32F1xx_HAL_Driver/Src/stm32f1xx_hal_i2c.c.obj
 .text.I2C_WaitOnTXEFlagUntilTimeout
                0x0000000008002634       0x54 CMakeFiles/Proj32.elf.dir/Drivers/STM32F1xx_HAL_Driver/Src/stm32f1xx_hal_i2c.c.obj
 .text.I2C_RequestMemoryWrite
                0x0000000008002688       0xd8 CMakeFiles/Proj32.elf.dir/Drivers/STM32F1xx_HAL_Driver/Src/stm32f1xx_hal_i2c.c.obj
 .text.I2C_RequestMemoryRead
                0x0000000008002760      0x154 CMakeFiles/Proj32.elf.dir/Drivers/STM32F1xx_HAL_Driver/Src/stm32f1xx_hal_i2c.c.obj
 .text.I2C_WaitOnBTFFlagUntilTimeout
                0x00000000080028b4       0x54 CMakeFiles/Proj32.elf.dir/Drivers/STM32F1xx_HAL_Driver/Src/stm32f1xx_hal_i2c.c.obj
 .text.I2C_WaitOnRXNEFlagUntilTimeout
                0x0000000008002908       0x6a CMakeFiles/Proj32.elf.dir/Drivers/STM32F1xx_HAL_Driver/Src/stm32f1xx_hal_i2c.c.obj
 *fill*         0x0000000008002972        0x2 
 .text.HAL_I2C_Init
                0x0000000008002974      0x1bc CMakeFiles/Proj32.elf.dir/Drivers/STM32F1xx_HAL_Driver/Src/stm32f1xx_hal_i2c.c.obj
                0x0000000008002974                HAL_I2C_Init
 .text.HAL_I2C_Mem_Write
                0x0000000008002b30      0x164 CMakeFiles/Proj32.elf.dir/Drivers/STM32F1xx_HAL_Driver/Src/stm32f1xx_hal_i2c.c.obj
                0x0000000008002b30                HAL_I2C_Mem_Write
 .text.HAL_I2C_Mem_Read
                0x0000000008002c94      0x348 CMakeFiles/Proj32.elf.dir/Drivers/STM32F1xx_HAL_Driver/Src/stm32f1xx_hal_i2c.c.obj
                0x0000000008002c94                HAL_I2C_Mem_Read
 .text.HAL_PCD_EP_DB_Receive
                0x0000000008002fdc      0x11c CMakeFiles/Proj32.elf.dir/Drivers/STM32F1xx_HAL_Driver/Src/stm32f1xx_hal_pcd.c.obj
 .text.HAL_PCD_Init
                0x00000000080030f8      0x118 CMakeFiles/Proj32.elf.dir/Drivers/STM32F1xx_HAL_Driver/Src/stm32f1xx_hal_pcd.c.obj
                0x00000000080030f8                HAL_PCD_Init
 .text.HAL_PCD_Start
                0x0000000008003210       0x32 CMakeFiles/Proj32.elf.dir/Drivers/STM32F1xx_HAL_Driver/Src/stm32f1xx_hal_pcd.c.obj
                0x0000000008003210                HAL_PCD_Start
 .text.HAL_PCD_EP_DB_Transmit
                0x0000000008003242      0x420 CMakeFiles/Proj32.elf.dir/Drivers/STM32F1xx_HAL_Driver/Src/stm32f1xx_hal_pcd.c.obj
 .text.PCD_EP_ISR_Handler
                0x0000000008003662      0x438 CMakeFiles/Proj32.elf.dir/Drivers/STM32F1xx_HAL_Driver/Src/stm32f1xx_hal_pcd.c.obj
 .text.HAL_PCD_SetAddress
                0x0000000008003a9a       0x28 CMakeFiles/Proj32.elf.dir/Drivers/STM32F1xx_HAL_Driver/Src/stm32f1xx_hal_pcd.c.obj
                0x0000000008003a9a                HAL_PCD_SetAddress
 .text.HAL_PCD_IRQHandler
                0x0000000008003ac2      0x1d4 CMakeFiles/Proj32.elf.dir/Drivers/STM32F1xx_HAL_Driver/Src/stm32f1xx_hal_pcd.c.obj
                0x0000000008003ac2                HAL_PCD_IRQHandler
 .text.HAL_PCD_EP_Open
                0x0000000008003c96       0x84 CMakeFiles/Proj32.elf.dir/Drivers/STM32F1xx_HAL_Driver/Src/stm32f1xx_hal_pcd.c.obj
                0x0000000008003c96                HAL_PCD_EP_Open
 .text.HAL_PCD_EP_Close
                0x0000000008003d1a       0x64 CMakeFiles/Proj32.elf.dir/Drivers/STM32F1xx_HAL_Driver/Src/stm32f1xx_hal_pcd.c.obj
                0x0000000008003d1a                HAL_PCD_EP_Close
 .text.HAL_PCD_EP_Receive
                0x0000000008003d7e       0x44 CMakeFiles/Proj32.elf.dir/Drivers/STM32F1xx_HAL_Driver/Src/stm32f1xx_hal_pcd.c.obj
                0x0000000008003d7e                HAL_PCD_EP_Receive
 .text.HAL_PCD_EP_GetRxCount
                0x0000000008003dc2       0x12 CMakeFiles/Proj32.elf.dir/Drivers/STM32F1xx_HAL_Driver/Src/stm32f1xx_hal_pcd.c.obj
                0x0000000008003dc2                HAL_PCD_EP_GetRxCount
 .text.HAL_PCD_EP_Transmit
                0x0000000008003dd4       0x50 CMakeFiles/Proj32.elf.dir/Drivers/STM32F1xx_HAL_Driver/Src/stm32f1xx_hal_pcd.c.obj
                0x0000000008003dd4                HAL_PCD_EP_Transmit
 .text.HAL_PCD_EP_SetStall
                0x0000000008003e24       0x78 CMakeFiles/Proj32.elf.dir/Drivers/STM32F1xx_HAL_Driver/Src/stm32f1xx_hal_pcd.c.obj
                0x0000000008003e24                HAL_PCD_EP_SetStall
 .text.HAL_PCD_EP_ClrStall
                0x0000000008003e9c       0x76 CMakeFiles/Proj32.elf.dir/Drivers/STM32F1xx_HAL_Driver/Src/stm32f1xx_hal_pcd.c.obj
                0x0000000008003e9c                HAL_PCD_EP_ClrStall
 .text.HAL_PCDEx_PMAConfig
                0x0000000008003f12       0x38 CMakeFiles/Proj32.elf.dir/Drivers/STM32F1xx_HAL_Driver/Src/stm32f1xx_hal_pcd_ex.c.obj
                0x0000000008003f12                HAL_PCDEx_PMAConfig
 *fill*         0x0000000008003f4a        0x2 
 .text.RCC_Delay
                0x0000000008003f4c       0x2c CMakeFiles/Proj32.elf.dir/Drivers/STM32F1xx_HAL_Driver/Src/stm32f1xx_hal_rcc.c.obj
 .text.HAL_RCC_OscConfig
                0x0000000008003f78      0x410 CMakeFiles/Proj32.elf.dir/Drivers/STM32F1xx_HAL_Driver/Src/stm32f1xx_hal_rcc.c.obj
                0x0000000008003f78                HAL_RCC_OscConfig
 .text.HAL_RCC_GetSysClockFreq
                0x0000000008004388       0x70 CMakeFiles/Proj32.elf.dir/Drivers/STM32F1xx_HAL_Driver/Src/stm32f1xx_hal_rcc.c.obj
                0x0000000008004388                HAL_RCC_GetSysClockFreq
 .text.HAL_RCC_ClockConfig
                0x00000000080043f8      0x16c CMakeFiles/Proj32.elf.dir/Drivers/STM32F1xx_HAL_Driver/Src/stm32f1xx_hal_rcc.c.obj
                0x00000000080043f8                HAL_RCC_ClockConfig
 .text.HAL_RCC_GetHCLKFreq
                0x0000000008004564        0xc CMakeFiles/Proj32.elf.dir/Drivers/STM32F1xx_HAL_Driver/Src/stm32f1xx_hal_rcc.c.obj
                0x0000000008004564                HAL_RCC_GetHCLKFreq
 .text.HAL_RCC_GetPCLK1Freq
                0x0000000008004570       0x20 CMakeFiles/Proj32.elf.dir/Drivers/STM32F1xx_HAL_Driver/Src/stm32f1xx_hal_rcc.c.obj
                0x0000000008004570                HAL_RCC_GetPCLK1Freq
 .text.HAL_RCC_GetPCLK2Freq
                0x0000000008004590       0x20 CMakeFiles/Proj32.elf.dir/Drivers/STM32F1xx_HAL_Driver/Src/stm32f1xx_hal_rcc.c.obj
                0x0000000008004590                HAL_RCC_GetPCLK2Freq
 .text.HAL_RCCEx_PeriphCLKConfig
                0x00000000080045b0      0x118 CMakeFiles/Proj32.elf.dir/Drivers/STM32F1xx_HAL_Driver/Src/stm32f1xx_hal_rcc_ex.c.obj
                0x00000000080045b0                HAL_RCCEx_PeriphCLKConfig
 .text.SPI_WaitFlagStateUntilTimeout
                0x00000000080046c8       0xd4 CMakeFiles/Proj32.elf.dir/Drivers/STM32F1xx_HAL_Driver/Src/stm32f1xx_hal_spi.c.obj
 .text.SPI_EndRxTxTransaction
                0x000000000800479c       0x24 CMakeFiles/Proj32.elf.dir/Drivers/STM32F1xx_HAL_Driver/Src/stm32f1xx_hal_spi.c.obj
 .text.HAL_SPI_Init
                0x00000000080047c0       0xb6 CMakeFiles/Proj32.elf.dir/Drivers/STM32F1xx_HAL_Driver/Src/stm32f1xx_hal_spi.c.obj
                0x00000000080047c0                HAL_SPI_Init
 .text.HAL_SPI_TransmitReceive
                0x0000000008004876      0x238 CMakeFiles/Proj32.elf.dir/Drivers/STM32F1xx_HAL_Driver/Src/stm32f1xx_hal_spi.c.obj
                0x0000000008004876                HAL_SPI_TransmitReceive
 .text.UART_EndRxTransfer
                0x0000000008004aae       0x32 CMakeFiles/Proj32.elf.dir/Drivers/STM32F1xx_HAL_Driver/Src/stm32f1xx_hal_uart.c.obj
 .text.UART_Transmit_IT
                0x0000000008004ae0       0x60 CMakeFiles/Proj32.elf.dir/Drivers/STM32F1xx_HAL_Driver/Src/stm32f1xx_hal_uart.c.obj
 .text.UART_SetConfig
                0x0000000008004b40       0x94 CMakeFiles/Proj32.elf.dir/Drivers/STM32F1xx_HAL_Driver/Src/stm32f1xx_hal_uart.c.obj
 .text.UART_WaitOnFlagUntilTimeout
                0x0000000008004bd4       0x6c CMakeFiles/Proj32.elf.dir/Drivers/STM32F1xx_HAL_Driver/Src/stm32f1xx_hal_uart.c.obj
 .text.HAL_UART_Init
                0x0000000008004c40       0x5e CMakeFiles/Proj32.elf.dir/Drivers/STM32F1xx_HAL_Driver/Src/stm32f1xx_hal_uart.c.obj
                0x0000000008004c40                HAL_UART_Init
 .text.HAL_UART_Transmit
                0x0000000008004c9e       0xd8 CMakeFiles/Proj32.elf.dir/Drivers/STM32F1xx_HAL_Driver/Src/stm32f1xx_hal_uart.c.obj
                0x0000000008004c9e                HAL_UART_Transmit
 .text.HAL_UART_Receive
                0x0000000008004d76       0xe4 CMakeFiles/Proj32.elf.dir/Drivers/STM32F1xx_HAL_Driver/Src/stm32f1xx_hal_uart.c.obj
                0x0000000008004d76                HAL_UART_Receive
 .text.HAL_UART_TxCpltCallback
                0x0000000008004e5a        0x2 CMakeFiles/Proj32.elf.dir/Drivers/STM32F1xx_HAL_Driver/Src/stm32f1xx_hal_uart.c.obj
                0x0000000008004e5a                HAL_UART_TxCpltCallback
 .text.UART_EndTransmit_IT
                0x0000000008004e5c       0x1a CMakeFiles/Proj32.elf.dir/Drivers/STM32F1xx_HAL_Driver/Src/stm32f1xx_hal_uart.c.obj
 .text.HAL_UART_RxCpltCallback
                0x0000000008004e76        0x2 CMakeFiles/Proj32.elf.dir/Drivers/STM32F1xx_HAL_Driver/Src/stm32f1xx_hal_uart.c.obj
                0x0000000008004e76                HAL_UART_RxCpltCallback
 .text.HAL_UART_ErrorCallback
                0x0000000008004e78        0x2 CMakeFiles/Proj32.elf.dir/Drivers/STM32F1xx_HAL_Driver/Src/stm32f1xx_hal_uart.c.obj
                0x0000000008004e78                HAL_UART_ErrorCallback
 .text.UART_DMAAbortOnError
                0x0000000008004e7a       0x10 CMakeFiles/Proj32.elf.dir/Drivers/STM32F1xx_HAL_Driver/Src/stm32f1xx_hal_uart.c.obj
 .text.HAL_UARTEx_RxEventCallback
                0x0000000008004e8a        0x2 CMakeFiles/Proj32.elf.dir/Drivers/STM32F1xx_HAL_Driver/Src/stm32f1xx_hal_uart.c.obj
                0x0000000008004e8a                HAL_UARTEx_RxEventCallback
 .text.UART_Receive_IT
                0x0000000008004e8c       0xd4 CMakeFiles/Proj32.elf.dir/Drivers/STM32F1xx_HAL_Driver/Src/stm32f1xx_hal_uart.c.obj
 .text.HAL_UART_IRQHandler
                0x0000000008004f60      0x204 CMakeFiles/Proj32.elf.dir/Drivers/STM32F1xx_HAL_Driver/Src/stm32f1xx_hal_uart.c.obj
                0x0000000008004f60                HAL_UART_IRQHandler
 .text.USB_CoreInit
                0x0000000008005164        0xe CMakeFiles/Proj32.elf.dir/Drivers/STM32F1xx_HAL_Driver/Src/stm32f1xx_ll_usb.c.obj
                0x0000000008005164                USB_CoreInit
 .text.USB_EnableGlobalInt
                0x0000000008005172       0x12 CMakeFiles/Proj32.elf.dir/Drivers/STM32F1xx_HAL_Driver/Src/stm32f1xx_ll_usb.c.obj
                0x0000000008005172                USB_EnableGlobalInt
 .text.USB_DisableGlobalInt
                0x0000000008005184       0x14 CMakeFiles/Proj32.elf.dir/Drivers/STM32F1xx_HAL_Driver/Src/stm32f1xx_ll_usb.c.obj
                0x0000000008005184                USB_DisableGlobalInt
 .text.USB_SetCurrentMode
                0x0000000008005198        0x4 CMakeFiles/Proj32.elf.dir/Drivers/STM32F1xx_HAL_Driver/Src/stm32f1xx_ll_usb.c.obj
                0x0000000008005198                USB_SetCurrentMode
 .text.USB_DevInit
                0x000000000800519c       0x22 CMakeFiles/Proj32.elf.dir/Drivers/STM32F1xx_HAL_Driver/Src/stm32f1xx_ll_usb.c.obj
                0x000000000800519c                USB_DevInit
 .text.USB_ActivateEndpoint
                0x00000000080051be      0x378 CMakeFiles/Proj32.elf.dir/Drivers/STM32F1xx_HAL_Driver/Src/stm32f1xx_ll_usb.c.obj
                0x00000000080051be                USB_ActivateEndpoint
 .text.USB_DeactivateEndpoint
                0x0000000008005536      0x1d6 CMakeFiles/Proj32.elf.dir/Drivers/STM32F1xx_HAL_Driver/Src/stm32f1xx_ll_usb.c.obj
                0x0000000008005536                USB_DeactivateEndpoint
 .text.USB_EPSetStall
                0x000000000800570c       0x4a CMakeFiles/Proj32.elf.dir/Drivers/STM32F1xx_HAL_Driver/Src/stm32f1xx_ll_usb.c.obj
                0x000000000800570c                USB_EPSetStall
 .text.USB_EPClearStall
                0x0000000008005756       0xa2 CMakeFiles/Proj32.elf.dir/Drivers/STM32F1xx_HAL_Driver/Src/stm32f1xx_ll_usb.c.obj
                0x0000000008005756                USB_EPClearStall
 .text.USB_SetDevAddress
                0x00000000080057f8        0xc CMakeFiles/Proj32.elf.dir/Drivers/STM32F1xx_HAL_Driver/Src/stm32f1xx_ll_usb.c.obj
                0x00000000080057f8                USB_SetDevAddress
 .text.USB_DevConnect
                0x0000000008005804        0x4 CMakeFiles/Proj32.elf.dir/Drivers/STM32F1xx_HAL_Driver/Src/stm32f1xx_ll_usb.c.obj
                0x0000000008005804                USB_DevConnect
 .text.USB_DevDisconnect
                0x0000000008005808        0x4 CMakeFiles/Proj32.elf.dir/Drivers/STM32F1xx_HAL_Driver/Src/stm32f1xx_ll_usb.c.obj
                0x0000000008005808                USB_DevDisconnect
 .text.USB_ReadInterrupts
                0x000000000800580c        0x8 CMakeFiles/Proj32.elf.dir/Drivers/STM32F1xx_HAL_Driver/Src/stm32f1xx_ll_usb.c.obj
                0x000000000800580c                USB_ReadInterrupts
 .text.USB_EP0_OutStart
                0x0000000008005814        0x4 CMakeFiles/Proj32.elf.dir/Drivers/STM32F1xx_HAL_Driver/Src/stm32f1xx_ll_usb.c.obj
                0x0000000008005814                USB_EP0_OutStart
 .text.USB_WritePMA
                0x0000000008005818       0x28 CMakeFiles/Proj32.elf.dir/Drivers/STM32F1xx_HAL_Driver/Src/stm32f1xx_ll_usb.c.obj
                0x0000000008005818                USB_WritePMA
 .text.USB_EPStartXfer
                0x0000000008005840      0x8b2 CMakeFiles/Proj32.elf.dir/Drivers/STM32F1xx_HAL_Driver/Src/stm32f1xx_ll_usb.c.obj
                0x0000000008005840                USB_EPStartXfer
 .text.USB_ReadPMA
                0x00000000080060f2       0x30 CMakeFiles/Proj32.elf.dir/Drivers/STM32F1xx_HAL_Driver/Src/stm32f1xx_ll_usb.c.obj
                0x00000000080060f2                USB_ReadPMA
 *fill*         0x0000000008006122        0x2 
 .text.MX_FATFS_Init
                0x0000000008006124       0x1c CMakeFiles/Proj32.elf.dir/FATFS/App/fatfs.c.obj
                0x0000000008006124                MX_FATFS_Init
 .text.USER_initialize
                0x0000000008006140       0x10 CMakeFiles/Proj32.elf.dir/FATFS/Target/user_diskio.c.obj
                0x0000000008006140                USER_initialize
 .text.USER_status
                0x0000000008006150       0x10 CMakeFiles/Proj32.elf.dir/FATFS/Target/user_diskio.c.obj
                0x0000000008006150                USER_status
 .text.USER_read
                0x0000000008006160        0x4 CMakeFiles/Proj32.elf.dir/FATFS/Target/user_diskio.c.obj
                0x0000000008006160                USER_read
 .text.USER_write
                0x0000000008006164        0x4 CMakeFiles/Proj32.elf.dir/FATFS/Target/user_diskio.c.obj
                0x0000000008006164                USER_write
 .text.USER_ioctl
                0x0000000008006168        0x4 CMakeFiles/Proj32.elf.dir/FATFS/Target/user_diskio.c.obj
                0x0000000008006168                USER_ioctl
 .text.USBD_CDC_EP0_RxReady
                0x000000000800616c       0x28 CMakeFiles/Proj32.elf.dir/Middlewares/ST/STM32_USB_Device_Library/Class/CDC/Src/usbd_cdc.c.obj
 .text.USBD_CDC_GetFSCfgDesc
                0x0000000008006194        0xc CMakeFiles/Proj32.elf.dir/Middlewares/ST/STM32_USB_Device_Library/Class/CDC/Src/usbd_cdc.c.obj
 .text.USBD_CDC_GetHSCfgDesc
                0x00000000080061a0        0xc CMakeFiles/Proj32.elf.dir/Middlewares/ST/STM32_USB_Device_Library/Class/CDC/Src/usbd_cdc.c.obj
 .text.USBD_CDC_GetOtherSpeedCfgDesc
                0x00000000080061ac        0xc CMakeFiles/Proj32.elf.dir/Middlewares/ST/STM32_USB_Device_Library/Class/CDC/Src/usbd_cdc.c.obj
 .text.USBD_CDC_GetDeviceQualifierDescriptor
                0x00000000080061b8        0xc CMakeFiles/Proj32.elf.dir/Middlewares/ST/STM32_USB_Device_Library/Class/CDC/Src/usbd_cdc.c.obj
                0x00000000080061b8                USBD_CDC_GetDeviceQualifierDescriptor
 .text.USBD_CDC_DataOut
                0x00000000080061c4       0x2e CMakeFiles/Proj32.elf.dir/Middlewares/ST/STM32_USB_Device_Library/Class/CDC/Src/usbd_cdc.c.obj
 .text.USBD_CDC_DataIn
                0x00000000080061f2       0x4e CMakeFiles/Proj32.elf.dir/Middlewares/ST/STM32_USB_Device_Library/Class/CDC/Src/usbd_cdc.c.obj
 .text.USBD_CDC_Setup
                0x0000000008006240       0xd6 CMakeFiles/Proj32.elf.dir/Middlewares/ST/STM32_USB_Device_Library/Class/CDC/Src/usbd_cdc.c.obj
 .text.USBD_CDC_DeInit
                0x0000000008006316       0x42 CMakeFiles/Proj32.elf.dir/Middlewares/ST/STM32_USB_Device_Library/Class/CDC/Src/usbd_cdc.c.obj
 .text.USBD_CDC_Init
                0x0000000008006358       0xaa CMakeFiles/Proj32.elf.dir/Middlewares/ST/STM32_USB_Device_Library/Class/CDC/Src/usbd_cdc.c.obj
 .text.USBD_CDC_RegisterInterface
                0x0000000008006402        0xe CMakeFiles/Proj32.elf.dir/Middlewares/ST/STM32_USB_Device_Library/Class/CDC/Src/usbd_cdc.c.obj
                0x0000000008006402                USBD_CDC_RegisterInterface
 .text.USBD_CDC_SetTxBuffer
                0x0000000008006410       0x10 CMakeFiles/Proj32.elf.dir/Middlewares/ST/STM32_USB_Device_Library/Class/CDC/Src/usbd_cdc.c.obj
                0x0000000008006410                USBD_CDC_SetTxBuffer
 .text.USBD_CDC_SetRxBuffer
                0x0000000008006420        0xc CMakeFiles/Proj32.elf.dir/Middlewares/ST/STM32_USB_Device_Library/Class/CDC/Src/usbd_cdc.c.obj
                0x0000000008006420                USBD_CDC_SetRxBuffer
 .text.USBD_CDC_TransmitPacket
                0x000000000800642c       0x34 CMakeFiles/Proj32.elf.dir/Middlewares/ST/STM32_USB_Device_Library/Class/CDC/Src/usbd_cdc.c.obj
                0x000000000800642c                USBD_CDC_TransmitPacket
 .text.USBD_CDC_ReceivePacket
                0x0000000008006460       0x30 CMakeFiles/Proj32.elf.dir/Middlewares/ST/STM32_USB_Device_Library/Class/CDC/Src/usbd_cdc.c.obj
                0x0000000008006460                USBD_CDC_ReceivePacket
 .text.USBD_Init
                0x0000000008006490       0x2e CMakeFiles/Proj32.elf.dir/Middlewares/ST/STM32_USB_Device_Library/Core/Src/usbd_core.c.obj
                0x0000000008006490                USBD_Init
 .text.USBD_RegisterClass
                0x00000000080064be        0xe CMakeFiles/Proj32.elf.dir/Middlewares/ST/STM32_USB_Device_Library/Core/Src/usbd_core.c.obj
                0x00000000080064be                USBD_RegisterClass
 .text.USBD_Start
                0x00000000080064cc        0xa CMakeFiles/Proj32.elf.dir/Middlewares/ST/STM32_USB_Device_Library/Core/Src/usbd_core.c.obj
                0x00000000080064cc                USBD_Start
 .text.USBD_SetClassConfig
                0x00000000080064d6       0x18 CMakeFiles/Proj32.elf.dir/Middlewares/ST/STM32_USB_Device_Library/Core/Src/usbd_core.c.obj
                0x00000000080064d6                USBD_SetClassConfig
 .text.USBD_ClrClassConfig
                0x00000000080064ee        0xe CMakeFiles/Proj32.elf.dir/Middlewares/ST/STM32_USB_Device_Library/Core/Src/usbd_core.c.obj
                0x00000000080064ee                USBD_ClrClassConfig
 .text.USBD_LL_SetupStage
                0x00000000080064fc       0x5a CMakeFiles/Proj32.elf.dir/Middlewares/ST/STM32_USB_Device_Library/Core/Src/usbd_core.c.obj
                0x00000000080064fc                USBD_LL_SetupStage
 .text.USBD_LL_DataOutStage
                0x0000000008006556       0x8c CMakeFiles/Proj32.elf.dir/Middlewares/ST/STM32_USB_Device_Library/Core/Src/usbd_core.c.obj
                0x0000000008006556                USBD_LL_DataOutStage
 .text.USBD_LL_DataInStage
                0x00000000080065e2       0xd0 CMakeFiles/Proj32.elf.dir/Middlewares/ST/STM32_USB_Device_Library/Core/Src/usbd_core.c.obj
                0x00000000080065e2                USBD_LL_DataInStage
 .text.USBD_LL_Reset
                0x00000000080066b2       0x50 CMakeFiles/Proj32.elf.dir/Middlewares/ST/STM32_USB_Device_Library/Core/Src/usbd_core.c.obj
                0x00000000080066b2                USBD_LL_Reset
 .text.USBD_LL_SetSpeed
                0x0000000008006702        0x6 CMakeFiles/Proj32.elf.dir/Middlewares/ST/STM32_USB_Device_Library/Core/Src/usbd_core.c.obj
                0x0000000008006702                USBD_LL_SetSpeed
 .text.USBD_LL_Suspend
                0x0000000008006708       0x12 CMakeFiles/Proj32.elf.dir/Middlewares/ST/STM32_USB_Device_Library/Core/Src/usbd_core.c.obj
                0x0000000008006708                USBD_LL_Suspend
 .text.USBD_LL_Resume
                0x000000000800671a       0x16 CMakeFiles/Proj32.elf.dir/Middlewares/ST/STM32_USB_Device_Library/Core/Src/usbd_core.c.obj
                0x000000000800671a                USBD_LL_Resume
 .text.USBD_LL_SOF
                0x0000000008006730       0x1c CMakeFiles/Proj32.elf.dir/Middlewares/ST/STM32_USB_Device_Library/Core/Src/usbd_core.c.obj
                0x0000000008006730                USBD_LL_SOF
 .text.USBD_GetLen
                0x000000000800674c       0x14 CMakeFiles/Proj32.elf.dir/Middlewares/ST/STM32_USB_Device_Library/Core/Src/usbd_ctlreq.c.obj
 .text.USBD_SetFeature
                0x0000000008006760       0x14 CMakeFiles/Proj32.elf.dir/Middlewares/ST/STM32_USB_Device_Library/Core/Src/usbd_ctlreq.c.obj
 .text.USBD_ParseSetupRequest
                0x0000000008006774       0x28 CMakeFiles/Proj32.elf.dir/Middlewares/ST/STM32_USB_Device_Library/Core/Src/usbd_ctlreq.c.obj
                0x0000000008006774                USBD_ParseSetupRequest
 .text.USBD_CtlError
                0x000000000800679c       0x14 CMakeFiles/Proj32.elf.dir/Middlewares/ST/STM32_USB_Device_Library/Core/Src/usbd_ctlreq.c.obj
                0x000000000800679c                USBD_CtlError
 .text.USBD_GetDescriptor
                0x00000000080067b0      0x186 CMakeFiles/Proj32.elf.dir/Middlewares/ST/STM32_USB_Device_Library/Core/Src/usbd_ctlreq.c.obj
 .text.USBD_SetAddress
                0x0000000008006936       0x4e CMakeFiles/Proj32.elf.dir/Middlewares/ST/STM32_USB_Device_Library/Core/Src/usbd_ctlreq.c.obj
 .text.USBD_SetConfig
                0x0000000008006984       0xb0 CMakeFiles/Proj32.elf.dir/Middlewares/ST/STM32_USB_Device_Library/Core/Src/usbd_ctlreq.c.obj
 .text.USBD_GetConfig
                0x0000000008006a34       0x3e CMakeFiles/Proj32.elf.dir/Middlewares/ST/STM32_USB_Device_Library/Core/Src/usbd_ctlreq.c.obj
 .text.USBD_GetStatus
                0x0000000008006a72       0x38 CMakeFiles/Proj32.elf.dir/Middlewares/ST/STM32_USB_Device_Library/Core/Src/usbd_ctlreq.c.obj
 .text.USBD_ClrFeature
                0x0000000008006aaa       0x26 CMakeFiles/Proj32.elf.dir/Middlewares/ST/STM32_USB_Device_Library/Core/Src/usbd_ctlreq.c.obj
 .text.USBD_StdDevReq
                0x0000000008006ad0       0x68 CMakeFiles/Proj32.elf.dir/Middlewares/ST/STM32_USB_Device_Library/Core/Src/usbd_ctlreq.c.obj
                0x0000000008006ad0                USBD_StdDevReq
 .text.USBD_StdItfReq
                0x0000000008006b38       0x60 CMakeFiles/Proj32.elf.dir/Middlewares/ST/STM32_USB_Device_Library/Core/Src/usbd_ctlreq.c.obj
                0x0000000008006b38                USBD_StdItfReq
 .text.USBD_StdEPReq
                0x0000000008006b98      0x1e2 CMakeFiles/Proj32.elf.dir/Middlewares/ST/STM32_USB_Device_Library/Core/Src/usbd_ctlreq.c.obj
                0x0000000008006b98                USBD_StdEPReq
 .text.USBD_GetString
                0x0000000008006d7a       0x3a CMakeFiles/Proj32.elf.dir/Middlewares/ST/STM32_USB_Device_Library/Core/Src/usbd_ctlreq.c.obj
                0x0000000008006d7a                USBD_GetString
 .text.USBD_CtlSendData
                0x0000000008006db4       0x1a CMakeFiles/Proj32.elf.dir/Middlewares/ST/STM32_USB_Device_Library/Core/Src/usbd_ioreq.c.obj
                0x0000000008006db4                USBD_CtlSendData
 .text.USBD_CtlContinueSendData
                0x0000000008006dce       0x10 CMakeFiles/Proj32.elf.dir/Middlewares/ST/STM32_USB_Device_Library/Core/Src/usbd_ioreq.c.obj
                0x0000000008006dce                USBD_CtlContinueSendData
 .text.USBD_CtlPrepareRx
                0x0000000008006dde       0x1e CMakeFiles/Proj32.elf.dir/Middlewares/ST/STM32_USB_Device_Library/Core/Src/usbd_ioreq.c.obj
                0x0000000008006dde                USBD_CtlPrepareRx
 .text.USBD_CtlContinueRx
                0x0000000008006dfc       0x10 CMakeFiles/Proj32.elf.dir/Middlewares/ST/STM32_USB_Device_Library/Core/Src/usbd_ioreq.c.obj
                0x0000000008006dfc                USBD_CtlContinueRx
 .text.USBD_CtlSendStatus
                0x0000000008006e0c       0x16 CMakeFiles/Proj32.elf.dir/Middlewares/ST/STM32_USB_Device_Library/Core/Src/usbd_ioreq.c.obj
                0x0000000008006e0c                USBD_CtlSendStatus
 .text.USBD_CtlReceiveStatus
                0x0000000008006e22       0x16 CMakeFiles/Proj32.elf.dir/Middlewares/ST/STM32_USB_Device_Library/Core/Src/usbd_ioreq.c.obj
                0x0000000008006e22                USBD_CtlReceiveStatus
 .text.FATFS_LinkDriverEx
                0x0000000008006e38       0x54 CMakeFiles/Proj32.elf.dir/Middlewares/Third_Party/FatFs/src/ff_gen_drv.c.obj
                0x0000000008006e38                FATFS_LinkDriverEx
 .text.FATFS_LinkDriver
                0x0000000008006e8c        0xa CMakeFiles/Proj32.elf.dir/Middlewares/Third_Party/FatFs/src/ff_gen_drv.c.obj
                0x0000000008006e8c                FATFS_LinkDriver
 *fill*         0x0000000008006e96        0x2 
 .text.MX_USB_DEVICE_Init
                0x0000000008006e98       0x54 CMakeFiles/Proj32.elf.dir/USB_DEVICE/App/usb_device.c.obj
                0x0000000008006e98                MX_USB_DEVICE_Init
 .text.CDC_DeInit_FS
                0x0000000008006eec        0x4 CMakeFiles/Proj32.elf.dir/USB_DEVICE/App/usbd_cdc_if.c.obj
 .text.CDC_Control_FS
                0x0000000008006ef0        0x4 CMakeFiles/Proj32.elf.dir/USB_DEVICE/App/usbd_cdc_if.c.obj
 .text.CDC_Init_FS
                0x0000000008006ef4       0x28 CMakeFiles/Proj32.elf.dir/USB_DEVICE/App/usbd_cdc_if.c.obj
 .text.CDC_Transmit_FS
                0x0000000008006f1c       0x2c CMakeFiles/Proj32.elf.dir/USB_DEVICE/App/usbd_cdc_if.c.obj
                0x0000000008006f1c                CDC_Transmit_FS
 .text.CDC_Receive_FS
                0x0000000008006f48       0x24 CMakeFiles/Proj32.elf.dir/USB_DEVICE/App/usbd_cdc_if.c.obj
 .text.USBD_FS_DeviceDescriptor
                0x0000000008006f6c        0xc CMakeFiles/Proj32.elf.dir/USB_DEVICE/App/usbd_desc.c.obj
                0x0000000008006f6c                USBD_FS_DeviceDescriptor
 .text.USBD_FS_LangIDStrDescriptor
                0x0000000008006f78        0xc CMakeFiles/Proj32.elf.dir/USB_DEVICE/App/usbd_desc.c.obj
                0x0000000008006f78                USBD_FS_LangIDStrDescriptor
 .text.IntToUnicode
                0x0000000008006f84       0x46 CMakeFiles/Proj32.elf.dir/USB_DEVICE/App/usbd_desc.c.obj
 *fill*         0x0000000008006fca        0x2 
 .text.Get_SerialNum
                0x0000000008006fcc       0x38 CMakeFiles/Proj32.elf.dir/USB_DEVICE/App/usbd_desc.c.obj
 .text.USBD_FS_SerialStrDescriptor
                0x0000000008007004       0x14 CMakeFiles/Proj32.elf.dir/USB_DEVICE/App/usbd_desc.c.obj
                0x0000000008007004                USBD_FS_SerialStrDescriptor
 .text.USBD_FS_ProductStrDescriptor
                0x0000000008007018       0x24 CMakeFiles/Proj32.elf.dir/USB_DEVICE/App/usbd_desc.c.obj
                0x0000000008007018                USBD_FS_ProductStrDescriptor
 .text.USBD_FS_ManufacturerStrDescriptor
                0x000000000800703c       0x1c CMakeFiles/Proj32.elf.dir/USB_DEVICE/App/usbd_desc.c.obj
                0x000000000800703c                USBD_FS_ManufacturerStrDescriptor
 .text.USBD_FS_ConfigStrDescriptor
                0x0000000008007058       0x24 CMakeFiles/Proj32.elf.dir/USB_DEVICE/App/usbd_desc.c.obj
                0x0000000008007058                USBD_FS_ConfigStrDescriptor
 .text.USBD_FS_InterfaceStrDescriptor
                0x000000000800707c       0x24 CMakeFiles/Proj32.elf.dir/USB_DEVICE/App/usbd_desc.c.obj
                0x000000000800707c                USBD_FS_InterfaceStrDescriptor
 .text.USBD_Get_USB_Status
                0x00000000080070a0       0x14 CMakeFiles/Proj32.elf.dir/USB_DEVICE/Target/usbd_conf.c.obj
 .text.HAL_PCD_MspInit
                0x00000000080070b4       0x40 CMakeFiles/Proj32.elf.dir/USB_DEVICE/Target/usbd_conf.c.obj
                0x00000000080070b4                HAL_PCD_MspInit
 .text.HAL_PCD_SetupStageCallback
                0x00000000080070f4       0x10 CMakeFiles/Proj32.elf.dir/USB_DEVICE/Target/usbd_conf.c.obj
                0x00000000080070f4                HAL_PCD_SetupStageCallback
 .text.HAL_PCD_DataOutStageCallback
                0x0000000008007104       0x18 CMakeFiles/Proj32.elf.dir/USB_DEVICE/Target/usbd_conf.c.obj
                0x0000000008007104                HAL_PCD_DataOutStageCallback
 .text.HAL_PCD_DataInStageCallback
                0x000000000800711c       0x16 CMakeFiles/Proj32.elf.dir/USB_DEVICE/Target/usbd_conf.c.obj
                0x000000000800711c                HAL_PCD_DataInStageCallback
 .text.HAL_PCD_SOFCallback
                0x0000000008007132        0xc CMakeFiles/Proj32.elf.dir/USB_DEVICE/Target/usbd_conf.c.obj
                0x0000000008007132                HAL_PCD_SOFCallback
 .text.HAL_PCD_ResetCallback
                0x000000000800713e       0x24 CMakeFiles/Proj32.elf.dir/USB_DEVICE/Target/usbd_conf.c.obj
                0x000000000800713e                HAL_PCD_ResetCallback
 *fill*         0x0000000008007162        0x2 
 .text.HAL_PCD_SuspendCallback
                0x0000000008007164       0x20 CMakeFiles/Proj32.elf.dir/USB_DEVICE/Target/usbd_conf.c.obj
                0x0000000008007164                HAL_PCD_SuspendCallback
 .text.HAL_PCD_ResumeCallback
                0x0000000008007184        0xc CMakeFiles/Proj32.elf.dir/USB_DEVICE/Target/usbd_conf.c.obj
                0x0000000008007184                HAL_PCD_ResumeCallback
 .text.USBD_LL_Init
                0x0000000008007190       0x84 CMakeFiles/Proj32.elf.dir/USB_DEVICE/Target/usbd_conf.c.obj
                0x0000000008007190                USBD_LL_Init
 .text.USBD_LL_Start
                0x0000000008007214       0x10 CMakeFiles/Proj32.elf.dir/USB_DEVICE/Target/usbd_conf.c.obj
                0x0000000008007214                USBD_LL_Start
 .text.USBD_LL_OpenEP
                0x0000000008007224       0x16 CMakeFiles/Proj32.elf.dir/USB_DEVICE/Target/usbd_conf.c.obj
                0x0000000008007224                USBD_LL_OpenEP
 .text.USBD_LL_CloseEP
                0x000000000800723a       0x10 CMakeFiles/Proj32.elf.dir/USB_DEVICE/Target/usbd_conf.c.obj
                0x000000000800723a                USBD_LL_CloseEP
 .text.USBD_LL_StallEP
                0x000000000800724a       0x10 CMakeFiles/Proj32.elf.dir/USB_DEVICE/Target/usbd_conf.c.obj
                0x000000000800724a                USBD_LL_StallEP
 .text.USBD_LL_ClearStallEP
                0x000000000800725a       0x10 CMakeFiles/Proj32.elf.dir/USB_DEVICE/Target/usbd_conf.c.obj
                0x000000000800725a                USBD_LL_ClearStallEP
 .text.USBD_LL_IsStallEP
                0x000000000800726a       0x2e CMakeFiles/Proj32.elf.dir/USB_DEVICE/Target/usbd_conf.c.obj
                0x000000000800726a                USBD_LL_IsStallEP
 .text.USBD_LL_SetUSBAddress
                0x0000000008007298       0x10 CMakeFiles/Proj32.elf.dir/USB_DEVICE/Target/usbd_conf.c.obj
                0x0000000008007298                USBD_LL_SetUSBAddress
 .text.USBD_LL_Transmit
                0x00000000080072a8       0x10 CMakeFiles/Proj32.elf.dir/USB_DEVICE/Target/usbd_conf.c.obj
                0x00000000080072a8                USBD_LL_Transmit
 .text.USBD_LL_PrepareReceive
                0x00000000080072b8       0x10 CMakeFiles/Proj32.elf.dir/USB_DEVICE/Target/usbd_conf.c.obj
                0x00000000080072b8                USBD_LL_PrepareReceive
 .text.USBD_LL_GetRxDataSize
                0x00000000080072c8        0xc CMakeFiles/Proj32.elf.dir/USB_DEVICE/Target/usbd_conf.c.obj
                0x00000000080072c8                USBD_LL_GetRxDataSize
 .text.USBD_static_malloc
                0x00000000080072d4        0x8 CMakeFiles/Proj32.elf.dir/USB_DEVICE/Target/usbd_conf.c.obj
                0x00000000080072d4                USBD_static_malloc
 .text.USBD_static_free
                0x00000000080072dc        0x2 CMakeFiles/Proj32.elf.dir/USB_DEVICE/Target/usbd_conf.c.obj
                0x00000000080072dc                USBD_static_free
 .text.HAL_PCDEx_SetConnectionState
                0x00000000080072de        0x2 CMakeFiles/Proj32.elf.dir/USB_DEVICE/Target/usbd_conf.c.obj
                0x00000000080072de                HAL_PCDEx_SetConnectionState
 .text.__errno  0x00000000080072e0        0xc /opt/homebrew/Cellar/arm-none-eabi-gcc/10.3-2021.07/gcc/bin/../lib/gcc/arm-none-eabi/10.3.1/../../../../arm-none-eabi/lib/thumb/v7-m/nofp/libg.a(lib_a-errno.o)
                0x00000000080072e0                __errno
 .text.__libc_init_array
                0x00000000080072ec       0x48 /opt/homebrew/Cellar/arm-none-eabi-gcc/10.3-2021.07/gcc/bin/../lib/gcc/arm-none-eabi/10.3.1/../../../../arm-none-eabi/lib/thumb/v7-m/nofp/libg.a(lib_a-init.o)
                0x00000000080072ec                __libc_init_array
 .text.memset   0x0000000008007334       0xa4 /opt/homebrew/Cellar/arm-none-eabi-gcc/10.3-2021.07/gcc/bin/../lib/gcc/arm-none-eabi/10.3.1/../../../../arm-none-eabi/lib/thumb/v7-m/nofp/libg.a(lib_a-memset.o)
                0x0000000008007334                memset
 .text.printf   0x00000000080073d8       0x28 /opt/homebrew/Cellar/arm-none-eabi-gcc/10.3-2021.07/gcc/bin/../lib/gcc/arm-none-eabi/10.3.1/../../../../arm-none-eabi/lib/thumb/v7-m/nofp/libg.a(lib_a-printf.o)
                0x00000000080073d8                printf
 .text._puts_r  0x0000000008007400       0x9c /opt/homebrew/Cellar/arm-none-eabi-gcc/10.3-2021.07/gcc/bin/../lib/gcc/arm-none-eabi/10.3.1/../../../../arm-none-eabi/lib/thumb/v7-m/nofp/libg.a(lib_a-puts.o)
                0x0000000008007400                _puts_r
 .text.puts     0x000000000800749c       0x10 /opt/homebrew/Cellar/arm-none-eabi-gcc/10.3-2021.07/gcc/bin/../lib/gcc/arm-none-eabi/10.3.1/../../../../arm-none-eabi/lib/thumb/v7-m/nofp/libg.a(lib_a-puts.o)
                0x000000000800749c                puts
 .text.strlen   0x00000000080074ac       0x5c /opt/homebrew/Cellar/arm-none-eabi-gcc/10.3-2021.07/gcc/bin/../lib/gcc/arm-none-eabi/10.3.1/../../../../arm-none-eabi/lib/thumb/v7-m/nofp/libg.a(lib_a-strlen-stub.o)
                0x00000000080074ac                strlen
 .text._vfprintf_r
                0x0000000008007508     0x1b58 /opt/homebrew/Cellar/arm-none-eabi-gcc/10.3-2021.07/gcc/bin/../lib/gcc/arm-none-eabi/10.3.1/../../../../arm-none-eabi/lib/thumb/v7-m/nofp/libg.a(lib_a-vfprintf.o)
                0x0000000008007508                _vfprintf_r
 .text.__sbprintf
                0x0000000008009060       0x84 /opt/homebrew/Cellar/arm-none-eabi-gcc/10.3-2021.07/gcc/bin/../lib/gcc/arm-none-eabi/10.3.1/../../../../arm-none-eabi/lib/thumb/v7-m/nofp/libg.a(lib_a-vfprintf.o)
 .text.__swsetup_r
                0x00000000080090e4       0xd4 /opt/homebrew/Cellar/arm-none-eabi-gcc/10.3-2021.07/gcc/bin/../lib/gcc/arm-none-eabi/10.3.1/../../../../arm-none-eabi/lib/thumb/v7-m/nofp/libg.a(lib_a-wsetup.o)
                0x00000000080090e4                __swsetup_r
 .text.startup.register_fini
                0x00000000080091b8       0x14 /opt/homebrew/Cellar/arm-none-eabi-gcc/10.3-2021.07/gcc/bin/../lib/gcc/arm-none-eabi/10.3.1/../../../../arm-none-eabi/lib/thumb/v7-m/nofp/libg.a(lib_a-__call_atexit.o)
 .text.atexit   0x00000000080091cc        0xc /opt/homebrew/Cellar/arm-none-eabi-gcc/10.3-2021.07/gcc/bin/../lib/gcc/arm-none-eabi/10.3.1/../../../../arm-none-eabi/lib/thumb/v7-m/nofp/libg.a(lib_a-atexit.o)
                0x00000000080091cc                atexit
 .text.quorem   0x00000000080091d8      0x12c /opt/homebrew/Cellar/arm-none-eabi-gcc/10.3-2021.07/gcc/bin/../lib/gcc/arm-none-eabi/10.3.1/../../../../arm-none-eabi/lib/thumb/v7-m/nofp/libg.a(lib_a-dtoa.o)
 *fill*         0x0000000008009304        0x4 
 .text._dtoa_r  0x0000000008009308      0xecc /opt/homebrew/Cellar/arm-none-eabi-gcc/10.3-2021.07/gcc/bin/../lib/gcc/arm-none-eabi/10.3.1/../../../../arm-none-eabi/lib/thumb/v7-m/nofp/libg.a(lib_a-dtoa.o)
                0x0000000008009308                _dtoa_r
 .text.__sflush_r
                0x000000000800a1d4      0x124 /opt/homebrew/Cellar/arm-none-eabi-gcc/10.3-2021.07/gcc/bin/../lib/gcc/arm-none-eabi/10.3.1/../../../../arm-none-eabi/lib/thumb/v7-m/nofp/libg.a(lib_a-fflush.o)
                0x000000000800a1d4                __sflush_r
 .text._fflush_r
                0x000000000800a2f8       0x5c /opt/homebrew/Cellar/arm-none-eabi-gcc/10.3-2021.07/gcc/bin/../lib/gcc/arm-none-eabi/10.3.1/../../../../arm-none-eabi/lib/thumb/v7-m/nofp/libg.a(lib_a-fflush.o)
                0x000000000800a2f8                _fflush_r
 .text._cleanup_r
                0x000000000800a354        0xc /opt/homebrew/Cellar/arm-none-eabi-gcc/10.3-2021.07/gcc/bin/../lib/gcc/arm-none-eabi/10.3.1/../../../../arm-none-eabi/lib/thumb/v7-m/nofp/libg.a(lib_a-findfp.o)
                0x000000000800a354                _cleanup_r
 .text.__sinit  0x000000000800a360      0x10c /opt/homebrew/Cellar/arm-none-eabi-gcc/10.3-2021.07/gcc/bin/../lib/gcc/arm-none-eabi/10.3.1/../../../../arm-none-eabi/lib/thumb/v7-m/nofp/libg.a(lib_a-findfp.o)
                0x000000000800a360                __sinit
 .text.__sfp_lock_acquire
                0x000000000800a46c        0xc /opt/homebrew/Cellar/arm-none-eabi-gcc/10.3-2021.07/gcc/bin/../lib/gcc/arm-none-eabi/10.3.1/../../../../arm-none-eabi/lib/thumb/v7-m/nofp/libg.a(lib_a-findfp.o)
                0x000000000800a46c                __sfp_lock_acquire
 .text.__sfp_lock_release
                0x000000000800a478        0xc /opt/homebrew/Cellar/arm-none-eabi-gcc/10.3-2021.07/gcc/bin/../lib/gcc/arm-none-eabi/10.3.1/../../../../arm-none-eabi/lib/thumb/v7-m/nofp/libg.a(lib_a-findfp.o)
                0x000000000800a478                __sfp_lock_release
 .text.__libc_fini_array
                0x000000000800a484       0x2c /opt/homebrew/Cellar/arm-none-eabi-gcc/10.3-2021.07/gcc/bin/../lib/gcc/arm-none-eabi/10.3.1/../../../../arm-none-eabi/lib/thumb/v7-m/nofp/libg.a(lib_a-fini.o)
                0x000000000800a484                __libc_fini_array
 .text._malloc_trim_r
                0x000000000800a4b0       0xa0 /opt/homebrew/Cellar/arm-none-eabi-gcc/10.3-2021.07/gcc/bin/../lib/gcc/arm-none-eabi/10.3.1/../../../../arm-none-eabi/lib/thumb/v7-m/nofp/libg.a(lib_a-freer.o)
                0x000000000800a4b0                _malloc_trim_r
 .text._free_r  0x000000000800a550      0x200 /opt/homebrew/Cellar/arm-none-eabi-gcc/10.3-2021.07/gcc/bin/../lib/gcc/arm-none-eabi/10.3.1/../../../../arm-none-eabi/lib/thumb/v7-m/nofp/libg.a(lib_a-freer.o)
                0x000000000800a550                _free_r
 .text.__sfvwrite_r
                0x000000000800a750      0x2f0 /opt/homebrew/Cellar/arm-none-eabi-gcc/10.3-2021.07/gcc/bin/../lib/gcc/arm-none-eabi/10.3.1/../../../../arm-none-eabi/lib/thumb/v7-m/nofp/libg.a(lib_a-fvwrite.o)
                0x000000000800a750                __sfvwrite_r
 .text._fwalk_reent
                0x000000000800aa40       0x48 /opt/homebrew/Cellar/arm-none-eabi-gcc/10.3-2021.07/gcc/bin/../lib/gcc/arm-none-eabi/10.3.1/../../../../arm-none-eabi/lib/thumb/v7-m/nofp/libg.a(lib_a-fwalk.o)
                0x000000000800aa40                _fwalk_reent
 .text._localeconv_r
                0x000000000800aa88        0x8 /opt/homebrew/Cellar/arm-none-eabi-gcc/10.3-2021.07/gcc/bin/../lib/gcc/arm-none-eabi/10.3.1/../../../../arm-none-eabi/lib/thumb/v7-m/nofp/libg.a(lib_a-localeconv.o)
                0x000000000800aa88                _localeconv_r
 .text.__retarget_lock_init_recursive
                0x000000000800aa90        0x4 /opt/homebrew/Cellar/arm-none-eabi-gcc/10.3-2021.07/gcc/bin/../lib/gcc/arm-none-eabi/10.3.1/../../../../arm-none-eabi/lib/thumb/v7-m/nofp/libg.a(lib_a-lock.o)
                0x000000000800aa90                __retarget_lock_init_recursive
 .text.__retarget_lock_close_recursive
                0x000000000800aa94        0x4 /opt/homebrew/Cellar/arm-none-eabi-gcc/10.3-2021.07/gcc/bin/../lib/gcc/arm-none-eabi/10.3.1/../../../../arm-none-eabi/lib/thumb/v7-m/nofp/libg.a(lib_a-lock.o)
                0x000000000800aa94                __retarget_lock_close_recursive
 .text.__retarget_lock_acquire_recursive
                0x000000000800aa98        0x4 /opt/homebrew/Cellar/arm-none-eabi-gcc/10.3-2021.07/gcc/bin/../lib/gcc/arm-none-eabi/10.3.1/../../../../arm-none-eabi/lib/thumb/v7-m/nofp/libg.a(lib_a-lock.o)
                0x000000000800aa98                __retarget_lock_acquire_recursive
 .text.__retarget_lock_release_recursive
                0x000000000800aa9c        0x4 /opt/homebrew/Cellar/arm-none-eabi-gcc/10.3-2021.07/gcc/bin/../lib/gcc/arm-none-eabi/10.3.1/../../../../arm-none-eabi/lib/thumb/v7-m/nofp/libg.a(lib_a-lock.o)
                0x000000000800aa9c                __retarget_lock_release_recursive
 .text.__smakebuf_r
                0x000000000800aaa0       0xe0 /opt/homebrew/Cellar/arm-none-eabi-gcc/10.3-2021.07/gcc/bin/../lib/gcc/arm-none-eabi/10.3.1/../../../../arm-none-eabi/lib/thumb/v7-m/nofp/libg.a(lib_a-makebuf.o)
                0x000000000800aaa0                __smakebuf_r
 .text._malloc_r
                0x000000000800ab80      0x558 /opt/homebrew/Cellar/arm-none-eabi-gcc/10.3-2021.07/gcc/bin/../lib/gcc/arm-none-eabi/10.3.1/../../../../arm-none-eabi/lib/thumb/v7-m/nofp/libg.a(lib_a-mallocr.o)
                0x000000000800ab80                _malloc_r
 .text.memchr   0x000000000800b0d8       0x90 /opt/homebrew/Cellar/arm-none-eabi-gcc/10.3-2021.07/gcc/bin/../lib/gcc/arm-none-eabi/10.3.1/../../../../arm-none-eabi/lib/thumb/v7-m/nofp/libg.a(lib_a-memchr-stub.o)
                0x000000000800b0d8                memchr
 .text.memmove  0x000000000800b168       0xf8 /opt/homebrew/Cellar/arm-none-eabi-gcc/10.3-2021.07/gcc/bin/../lib/gcc/arm-none-eabi/10.3.1/../../../../arm-none-eabi/lib/thumb/v7-m/nofp/libg.a(lib_a-memmove.o)
                0x000000000800b168                memmove
 .text.__malloc_lock
                0x000000000800b260        0xc /opt/homebrew/Cellar/arm-none-eabi-gcc/10.3-2021.07/gcc/bin/../lib/gcc/arm-none-eabi/10.3.1/../../../../arm-none-eabi/lib/thumb/v7-m/nofp/libg.a(lib_a-mlock.o)
                0x000000000800b260                __malloc_lock
 .text.__malloc_unlock
                0x000000000800b26c        0xc /opt/homebrew/Cellar/arm-none-eabi-gcc/10.3-2021.07/gcc/bin/../lib/gcc/arm-none-eabi/10.3.1/../../../../arm-none-eabi/lib/thumb/v7-m/nofp/libg.a(lib_a-mlock.o)
                0x000000000800b26c                __malloc_unlock
 .text._Balloc  0x000000000800b278       0x4c /opt/homebrew/Cellar/arm-none-eabi-gcc/10.3-2021.07/gcc/bin/../lib/gcc/arm-none-eabi/10.3.1/../../../../arm-none-eabi/lib/thumb/v7-m/nofp/libg.a(lib_a-mprec.o)
                0x000000000800b278                _Balloc
 .text._Bfree   0x000000000800b2c4       0x14 /opt/homebrew/Cellar/arm-none-eabi-gcc/10.3-2021.07/gcc/bin/../lib/gcc/arm-none-eabi/10.3.1/../../../../arm-none-eabi/lib/thumb/v7-m/nofp/libg.a(lib_a-mprec.o)
                0x000000000800b2c4                _Bfree
 .text.__multadd
                0x000000000800b2d8       0xa4 /opt/homebrew/Cellar/arm-none-eabi-gcc/10.3-2021.07/gcc/bin/../lib/gcc/arm-none-eabi/10.3.1/../../../../arm-none-eabi/lib/thumb/v7-m/nofp/libg.a(lib_a-mprec.o)
                0x000000000800b2d8                __multadd
 .text.__hi0bits
                0x000000000800b37c       0x40 /opt/homebrew/Cellar/arm-none-eabi-gcc/10.3-2021.07/gcc/bin/../lib/gcc/arm-none-eabi/10.3.1/../../../../arm-none-eabi/lib/thumb/v7-m/nofp/libg.a(lib_a-mprec.o)
                0x000000000800b37c                __hi0bits
 .text.__lo0bits
                0x000000000800b3bc       0x58 /opt/homebrew/Cellar/arm-none-eabi-gcc/10.3-2021.07/gcc/bin/../lib/gcc/arm-none-eabi/10.3.1/../../../../arm-none-eabi/lib/thumb/v7-m/nofp/libg.a(lib_a-mprec.o)
                0x000000000800b3bc                __lo0bits
 .text.__i2b    0x000000000800b414       0x5c /opt/homebrew/Cellar/arm-none-eabi-gcc/10.3-2021.07/gcc/bin/../lib/gcc/arm-none-eabi/10.3.1/../../../../arm-none-eabi/lib/thumb/v7-m/nofp/libg.a(lib_a-mprec.o)
                0x000000000800b414                __i2b
 .text.__multiply
                0x000000000800b470      0x15c /opt/homebrew/Cellar/arm-none-eabi-gcc/10.3-2021.07/gcc/bin/../lib/gcc/arm-none-eabi/10.3.1/../../../../arm-none-eabi/lib/thumb/v7-m/nofp/libg.a(lib_a-mprec.o)
                0x000000000800b470                __multiply
 .text.__pow5mult
                0x000000000800b5cc       0xb8 /opt/homebrew/Cellar/arm-none-eabi-gcc/10.3-2021.07/gcc/bin/../lib/gcc/arm-none-eabi/10.3.1/../../../../arm-none-eabi/lib/thumb/v7-m/nofp/libg.a(lib_a-mprec.o)
                0x000000000800b5cc                __pow5mult
 .text.__lshift
                0x000000000800b684       0xec /opt/homebrew/Cellar/arm-none-eabi-gcc/10.3-2021.07/gcc/bin/../lib/gcc/arm-none-eabi/10.3.1/../../../../arm-none-eabi/lib/thumb/v7-m/nofp/libg.a(lib_a-mprec.o)
                0x000000000800b684                __lshift
 .text.__mcmp   0x000000000800b770       0x40 /opt/homebrew/Cellar/arm-none-eabi-gcc/10.3-2021.07/gcc/bin/../lib/gcc/arm-none-eabi/10.3.1/../../../../arm-none-eabi/lib/thumb/v7-m/nofp/libg.a(lib_a-mprec.o)
                0x000000000800b770                __mcmp
 .text.__mdiff  0x000000000800b7b0      0x14c /opt/homebrew/Cellar/arm-none-eabi-gcc/10.3-2021.07/gcc/bin/../lib/gcc/arm-none-eabi/10.3.1/../../../../arm-none-eabi/lib/thumb/v7-m/nofp/libg.a(lib_a-mprec.o)
                0x000000000800b7b0                __mdiff
 .text.__d2b    0x000000000800b8fc       0xc4 /opt/homebrew/Cellar/arm-none-eabi-gcc/10.3-2021.07/gcc/bin/../lib/gcc/arm-none-eabi/10.3.1/../../../../arm-none-eabi/lib/thumb/v7-m/nofp/libg.a(lib_a-mprec.o)
                0x000000000800b8fc                __d2b
 .text._realloc_r
                0x000000000800b9c0      0x3dc /opt/homebrew/Cellar/arm-none-eabi-gcc/10.3-2021.07/gcc/bin/../lib/gcc/arm-none-eabi/10.3.1/../../../../arm-none-eabi/lib/thumb/v7-m/nofp/libg.a(lib_a-reallocr.o)
                0x000000000800b9c0                _realloc_r
 .text.frexp    0x000000000800bd9c       0x70 /opt/homebrew/Cellar/arm-none-eabi-gcc/10.3-2021.07/gcc/bin/../lib/gcc/arm-none-eabi/10.3.1/../../../../arm-none-eabi/lib/thumb/v7-m/nofp/libg.a(lib_a-s_frexp.o)
                0x000000000800bd9c                frexp
 .text._sbrk_r  0x000000000800be0c       0x24 /opt/homebrew/Cellar/arm-none-eabi-gcc/10.3-2021.07/gcc/bin/../lib/gcc/arm-none-eabi/10.3.1/../../../../arm-none-eabi/lib/thumb/v7-m/nofp/libg.a(lib_a-sbrkr.o)
                0x000000000800be0c                _sbrk_r
 .text.__sread  0x000000000800be30       0x24 /opt/homebrew/Cellar/arm-none-eabi-gcc/10.3-2021.07/gcc/bin/../lib/gcc/arm-none-eabi/10.3.1/../../../../arm-none-eabi/lib/thumb/v7-m/nofp/libg.a(lib_a-stdio.o)
                0x000000000800be30                __sread
 .text.__swrite
                0x000000000800be54       0x40 /opt/homebrew/Cellar/arm-none-eabi-gcc/10.3-2021.07/gcc/bin/../lib/gcc/arm-none-eabi/10.3.1/../../../../arm-none-eabi/lib/thumb/v7-m/nofp/libg.a(lib_a-stdio.o)
                0x000000000800be54                __swrite
 .text.__sseek  0x000000000800be94       0x20 /opt/homebrew/Cellar/arm-none-eabi-gcc/10.3-2021.07/gcc/bin/../lib/gcc/arm-none-eabi/10.3.1/../../../../arm-none-eabi/lib/thumb/v7-m/nofp/libg.a(lib_a-stdio.o)
                0x000000000800be94                __sseek
 .text.__sclose
                0x000000000800beb4        0x8 /opt/homebrew/Cellar/arm-none-eabi-gcc/10.3-2021.07/gcc/bin/../lib/gcc/arm-none-eabi/10.3.1/../../../../arm-none-eabi/lib/thumb/v7-m/nofp/libg.a(lib_a-stdio.o)
                0x000000000800beb4                __sclose
 .text.strncpy  0x000000000800bebc       0x68 /opt/homebrew/Cellar/arm-none-eabi-gcc/10.3-2021.07/gcc/bin/../lib/gcc/arm-none-eabi/10.3.1/../../../../arm-none-eabi/lib/thumb/v7-m/nofp/libg.a(lib_a-strncpy.o)
                0x000000000800bebc                strncpy
 .text.__sprint_r.part.0
                0x000000000800bf24       0x78 /opt/homebrew/Cellar/arm-none-eabi-gcc/10.3-2021.07/gcc/bin/../lib/gcc/arm-none-eabi/10.3.1/../../../../arm-none-eabi/lib/thumb/v7-m/nofp/libg.a(lib_a-vfiprintf.o)
 .text.__sprint_r
                0x000000000800bf9c       0x14 /opt/homebrew/Cellar/arm-none-eabi-gcc/10.3-2021.07/gcc/bin/../lib/gcc/arm-none-eabi/10.3.1/../../../../arm-none-eabi/lib/thumb/v7-m/nofp/libg.a(lib_a-vfiprintf.o)
                0x000000000800bf9c                __sprint_r
 .text._vfiprintf_r
                0x000000000800bfb0      0xd98 /opt/homebrew/Cellar/arm-none-eabi-gcc/10.3-2021.07/gcc/bin/../lib/gcc/arm-none-eabi/10.3.1/../../../../arm-none-eabi/lib/thumb/v7-m/nofp/libg.a(lib_a-vfiprintf.o)
                0x000000000800bfb0                _vfiprintf_r
 .text.__sbprintf
                0x000000000800cd48       0x84 /opt/homebrew/Cellar/arm-none-eabi-gcc/10.3-2021.07/gcc/bin/../lib/gcc/arm-none-eabi/10.3.1/../../../../arm-none-eabi/lib/thumb/v7-m/nofp/libg.a(lib_a-vfiprintf.o)
 .text._write_r
                0x000000000800cdcc       0x2c /opt/homebrew/Cellar/arm-none-eabi-gcc/10.3-2021.07/gcc/bin/../lib/gcc/arm-none-eabi/10.3.1/../../../../arm-none-eabi/lib/thumb/v7-m/nofp/libg.a(lib_a-writer.o)
                0x000000000800cdcc                _write_r
 .text.__register_exitproc
                0x000000000800cdf8       0x8c /opt/homebrew/Cellar/arm-none-eabi-gcc/10.3-2021.07/gcc/bin/../lib/gcc/arm-none-eabi/10.3.1/../../../../arm-none-eabi/lib/thumb/v7-m/nofp/libg.a(lib_a-__atexit.o)
                0x000000000800cdf8                __register_exitproc
 .text.__assert_func
                0x000000000800ce84       0x40 /opt/homebrew/Cellar/arm-none-eabi-gcc/10.3-2021.07/gcc/bin/../lib/gcc/arm-none-eabi/10.3.1/../../../../arm-none-eabi/lib/thumb/v7-m/nofp/libg.a(lib_a-assert.o)
                0x000000000800ce84                __assert_func
 .text._calloc_r
                0x000000000800cec4       0x78 /opt/homebrew/Cellar/arm-none-eabi-gcc/10.3-2021.07/gcc/bin/../lib/gcc/arm-none-eabi/10.3.1/../../../../arm-none-eabi/lib/thumb/v7-m/nofp/libg.a(lib_a-callocr.o)
                0x000000000800cec4                _calloc_r
 .text._close_r
                0x000000000800cf3c       0x24 /opt/homebrew/Cellar/arm-none-eabi-gcc/10.3-2021.07/gcc/bin/../lib/gcc/arm-none-eabi/10.3.1/../../../../arm-none-eabi/lib/thumb/v7-m/nofp/libg.a(lib_a-closer.o)
                0x000000000800cf3c                _close_r
 .text._fclose_r
                0x000000000800cf60       0xcc /opt/homebrew/Cellar/arm-none-eabi-gcc/10.3-2021.07/gcc/bin/../lib/gcc/arm-none-eabi/10.3.1/../../../../arm-none-eabi/lib/thumb/v7-m/nofp/libg.a(lib_a-fclose.o)
                0x000000000800cf60                _fclose_r
 .text.fiprintf
                0x000000000800d02c       0x28 /opt/homebrew/Cellar/arm-none-eabi-gcc/10.3-2021.07/gcc/bin/../lib/gcc/arm-none-eabi/10.3.1/../../../../arm-none-eabi/lib/thumb/v7-m/nofp/libg.a(lib_a-fiprintf.o)
                0x000000000800d02c                fiprintf
 .text.__fputwc
                0x000000000800d054       0xa0 /opt/homebrew/Cellar/arm-none-eabi-gcc/10.3-2021.07/gcc/bin/../lib/gcc/arm-none-eabi/10.3.1/../../../../arm-none-eabi/lib/thumb/v7-m/nofp/libg.a(lib_a-fputwc.o)
                0x000000000800d054                __fputwc
 .text._fputwc_r
                0x000000000800d0f4       0x68 /opt/homebrew/Cellar/arm-none-eabi-gcc/10.3-2021.07/gcc/bin/../lib/gcc/arm-none-eabi/10.3.1/../../../../arm-none-eabi/lib/thumb/v7-m/nofp/libg.a(lib_a-fputwc.o)
                0x000000000800d0f4                _fputwc_r
 .text._fstat_r
                0x000000000800d15c       0x28 /opt/homebrew/Cellar/arm-none-eabi-gcc/10.3-2021.07/gcc/bin/../lib/gcc/arm-none-eabi/10.3.1/../../../../arm-none-eabi/lib/thumb/v7-m/nofp/libg.a(lib_a-fstatr.o)
                0x000000000800d15c                _fstat_r
 .text._isatty_r
                0x000000000800d184       0x24 /opt/homebrew/Cellar/arm-none-eabi-gcc/10.3-2021.07/gcc/bin/../lib/gcc/arm-none-eabi/10.3.1/../../../../arm-none-eabi/lib/thumb/v7-m/nofp/libg.a(lib_a-isattyr.o)
                0x000000000800d184                _isatty_r
 .text.__locale_mb_cur_max
                0x000000000800d1a8        0xc /opt/homebrew/Cellar/arm-none-eabi-gcc/10.3-2021.07/gcc/bin/../lib/gcc/arm-none-eabi/10.3.1/../../../../arm-none-eabi/lib/thumb/v7-m/nofp/libg.a(lib_a-locale.o)
                0x000000000800d1a8                __locale_mb_cur_max
 .text._lseek_r
                0x000000000800d1b4       0x2c /opt/homebrew/Cellar/arm-none-eabi-gcc/10.3-2021.07/gcc/bin/../lib/gcc/arm-none-eabi/10.3.1/../../../../arm-none-eabi/lib/thumb/v7-m/nofp/libg.a(lib_a-lseekr.o)
                0x000000000800d1b4                _lseek_r
 .text.__ascii_mbtowc
                0x000000000800d1e0       0x2c /opt/homebrew/Cellar/arm-none-eabi-gcc/10.3-2021.07/gcc/bin/../lib/gcc/arm-none-eabi/10.3.1/../../../../arm-none-eabi/lib/thumb/v7-m/nofp/libg.a(lib_a-mbtowc_r.o)
                0x000000000800d1e0                __ascii_mbtowc
 .text._read_r  0x000000000800d20c       0x2c /opt/homebrew/Cellar/arm-none-eabi-gcc/10.3-2021.07/gcc/bin/../lib/gcc/arm-none-eabi/10.3.1/../../../../arm-none-eabi/lib/thumb/v7-m/nofp/libg.a(lib_a-readr.o)
                0x000000000800d20c                _read_r
 .text.__swbuf_r
                0x000000000800d238       0xb0 /opt/homebrew/Cellar/arm-none-eabi-gcc/10.3-2021.07/gcc/bin/../lib/gcc/arm-none-eabi/10.3.1/../../../../arm-none-eabi/lib/thumb/v7-m/nofp/libg.a(lib_a-wbuf.o)
                0x000000000800d238                __swbuf_r
 .text._wcrtomb_r
                0x000000000800d2e8       0x3c /opt/homebrew/Cellar/arm-none-eabi-gcc/10.3-2021.07/gcc/bin/../lib/gcc/arm-none-eabi/10.3.1/../../../../arm-none-eabi/lib/thumb/v7-m/nofp/libg.a(lib_a-wcrtomb.o)
                0x000000000800d2e8                _wcrtomb_r
 .text.__ascii_wctomb
                0x000000000800d324       0x1c /opt/homebrew/Cellar/arm-none-eabi-gcc/10.3-2021.07/gcc/bin/../lib/gcc/arm-none-eabi/10.3.1/../../../../arm-none-eabi/lib/thumb/v7-m/nofp/libg.a(lib_a-wctomb_r.o)
                0x000000000800d324                __ascii_wctomb
 .text.abort    0x000000000800d340       0x10 /opt/homebrew/Cellar/arm-none-eabi-gcc/10.3-2021.07/gcc/bin/../lib/gcc/arm-none-eabi/10.3.1/../../../../arm-none-eabi/lib/thumb/v7-m/nofp/libg.a(lib_a-abort.o)
                0x000000000800d340                abort
 .text.raise    0x000000000800d350       0x5c /opt/homebrew/Cellar/arm-none-eabi-gcc/10.3-2021.07/gcc/bin/../lib/gcc/arm-none-eabi/10.3.1/../../../../arm-none-eabi/lib/thumb/v7-m/nofp/libg.a(lib_a-signal.o)
                0x000000000800d350                raise
 .text._kill_r  0x000000000800d3ac       0x28 /opt/homebrew/Cellar/arm-none-eabi-gcc/10.3-2021.07/gcc/bin/../lib/gcc/arm-none-eabi/10.3.1/../../../../arm-none-eabi/lib/thumb/v7-m/nofp/libg.a(lib_a-signalr.o)
                0x000000000800d3ac                _kill_r
 .text._getpid_r
                0x000000000800d3d4        0x4 /opt/homebrew/Cellar/arm-none-eabi-gcc/10.3-2021.07/gcc/bin/../lib/gcc/arm-none-eabi/10.3.1/../../../../arm-none-eabi/lib/thumb/v7-m/nofp/libg.a(lib_a-signalr.o)
                0x000000000800d3d4                _getpid_r
 *(.glue_7)
 .glue_7        0x000000000800d3d8        0x0 linker stubs
 *(.glue_7t)
 .glue_7t       0x000000000800d3d8        0x0 linker stubs
 *(.eh_frame)
 .eh_frame      0x000000000800d3d8        0x0 /opt/homebrew/Cellar/arm-none-eabi-gcc/10.3-2021.07/gcc/bin/../lib/gcc/arm-none-eabi/10.3.1/thumb/v7-m/nofp/crtbegin.o
 *(.init)
 .init          0x000000000800d3d8        0x4 /opt/homebrew/Cellar/arm-none-eabi-gcc/10.3-2021.07/gcc/bin/../lib/gcc/arm-none-eabi/10.3.1/thumb/v7-m/nofp/crti.o
                0x000000000800d3d8                _init
 .init          0x000000000800d3dc        0x8 /opt/homebrew/Cellar/arm-none-eabi-gcc/10.3-2021.07/gcc/bin/../lib/gcc/arm-none-eabi/10.3.1/thumb/v7-m/nofp/crtn.o
 *(.fini)
 .fini          0x000000000800d3e4        0x4 /opt/homebrew/Cellar/arm-none-eabi-gcc/10.3-2021.07/gcc/bin/../lib/gcc/arm-none-eabi/10.3.1/thumb/v7-m/nofp/crti.o
                0x000000000800d3e4                _fini
 .fini          0x000000000800d3e8        0x8 /opt/homebrew/Cellar/arm-none-eabi-gcc/10.3-2021.07/gcc/bin/../lib/gcc/arm-none-eabi/10.3.1/thumb/v7-m/nofp/crtn.o
                0x000000000800d3f0                . = ALIGN (0x4)
                0x000000000800d3f0                _etext = .

.vfp11_veneer   0x000000000800d3f0        0x0
 .vfp11_veneer  0x000000000800d3f0        0x0 linker stubs

.v4_bx          0x000000000800d3f0        0x0
 .v4_bx         0x000000000800d3f0        0x0 linker stubs

.iplt           0x000000000800d3f0        0x0
 .iplt          0x000000000800d3f0        0x0 /opt/homebrew/Cellar/arm-none-eabi-gcc/10.3-2021.07/gcc/bin/../lib/gcc/arm-none-eabi/10.3.1/thumb/v7-m/nofp/crtbegin.o

.rodata         0x000000000800d3f0      0x6b8
                0x000000000800d3f0                . = ALIGN (0x4)
 *(.rodata)
 *(.rodata*)
 .rodata.Get_MCU_Info.str1.4
                0x000000000800d3f0       0xf4 CMakeFiles/Proj32.elf.dir/Core/Src/main.c.obj
 .rodata.FLASH_Inside_Wr.str1.4
                0x000000000800d4e4       0x1c CMakeFiles/Proj32.elf.dir/Core/Src/main.c.obj
 .rodata.FLASH_Inside_Test.str1.4
                0x000000000800d500       0x84 CMakeFiles/Proj32.elf.dir/Core/Src/main.c.obj
 .rodata.SPI_FLASH_Test.str1.4
                0x000000000800d584       0x7e CMakeFiles/Proj32.elf.dir/Core/Src/main.c.obj
 *fill*         0x000000000800d602        0x2 
 .rodata.EEPROM_IIC_Test.str1.4
                0x000000000800d604       0x3b CMakeFiles/Proj32.elf.dir/Core/Src/main.c.obj
 *fill*         0x000000000800d63f        0x1 
 .rodata.HAL_GPIO_EXTI_Callback.str1.4
                0x000000000800d640       0x13 CMakeFiles/Proj32.elf.dir/Core/Src/main.c.obj
 *fill*         0x000000000800d653        0x1 
 .rodata.main.str1.4
                0x000000000800d654       0x25 CMakeFiles/Proj32.elf.dir/Core/Src/main.c.obj
 *fill*         0x000000000800d679        0x3 
 .rodata.AHBPrescTable
                0x000000000800d67c       0x10 CMakeFiles/Proj32.elf.dir/Core/Src/system_stm32f1xx.c.obj
                0x000000000800d67c                AHBPrescTable
 .rodata.APBPrescTable
                0x000000000800d68c        0x8 CMakeFiles/Proj32.elf.dir/Core/Src/system_stm32f1xx.c.obj
                0x000000000800d68c                APBPrescTable
 .rodata.HAL_RCC_GetSysClockFreq.str1.4
                0x000000000800d694       0x11 CMakeFiles/Proj32.elf.dir/Drivers/STM32F1xx_HAL_Driver/Src/stm32f1xx_hal_rcc.c.obj
 *fill*         0x000000000800d6a5        0x3 
 .rodata.USBD_FS_ProductStrDescriptor.str1.4
                0x000000000800d6a8       0x16 CMakeFiles/Proj32.elf.dir/USB_DEVICE/App/usbd_desc.c.obj
 *fill*         0x000000000800d6be        0x2 
 .rodata.USBD_FS_ManufacturerStrDescriptor.str1.4
                0x000000000800d6c0       0x13 CMakeFiles/Proj32.elf.dir/USB_DEVICE/App/usbd_desc.c.obj
 *fill*         0x000000000800d6d3        0x1 
 .rodata.USBD_FS_ConfigStrDescriptor.str1.4
                0x000000000800d6d4        0xb CMakeFiles/Proj32.elf.dir/USB_DEVICE/App/usbd_desc.c.obj
 *fill*         0x000000000800d6df        0x1 
 .rodata.USBD_FS_InterfaceStrDescriptor.str1.4
                0x000000000800d6e0        0xe CMakeFiles/Proj32.elf.dir/USB_DEVICE/App/usbd_desc.c.obj
 *fill*         0x000000000800d6ee        0x2 
 .rodata._global_impure_ptr
                0x000000000800d6f0        0x4 /opt/homebrew/Cellar/arm-none-eabi-gcc/10.3-2021.07/gcc/bin/../lib/gcc/arm-none-eabi/10.3.1/../../../../arm-none-eabi/lib/thumb/v7-m/nofp/libg.a(lib_a-impure.o)
                0x000000000800d6f0                _global_impure_ptr
 .rodata._puts_r.str1.4
                0x000000000800d6f4        0xe /opt/homebrew/Cellar/arm-none-eabi-gcc/10.3-2021.07/gcc/bin/../lib/gcc/arm-none-eabi/10.3.1/../../../../arm-none-eabi/lib/thumb/v7-m/nofp/libg.a(lib_a-puts.o)
                                          0x2 (size before relaxing)
 .rodata._vfprintf_r.str1.4
                0x000000000800d6f4       0x42 /opt/homebrew/Cellar/arm-none-eabi-gcc/10.3-2021.07/gcc/bin/../lib/gcc/arm-none-eabi/10.3.1/../../../../arm-none-eabi/lib/thumb/v7-m/nofp/libg.a(lib_a-vfprintf.o)
 *fill*         0x000000000800d736        0x2 
 .rodata.blanks.1
                0x000000000800d738       0x10 /opt/homebrew/Cellar/arm-none-eabi-gcc/10.3-2021.07/gcc/bin/../lib/gcc/arm-none-eabi/10.3.1/../../../../arm-none-eabi/lib/thumb/v7-m/nofp/libg.a(lib_a-vfprintf.o)
 .rodata.zeroes.0
                0x000000000800d748       0x10 /opt/homebrew/Cellar/arm-none-eabi-gcc/10.3-2021.07/gcc/bin/../lib/gcc/arm-none-eabi/10.3.1/../../../../arm-none-eabi/lib/thumb/v7-m/nofp/libg.a(lib_a-vfprintf.o)
 .rodata._dtoa_r.str1.4
                0x000000000800d758       0x7e /opt/homebrew/Cellar/arm-none-eabi-gcc/10.3-2021.07/gcc/bin/../lib/gcc/arm-none-eabi/10.3.1/../../../../arm-none-eabi/lib/thumb/v7-m/nofp/libg.a(lib_a-dtoa.o)
                                         0x82 (size before relaxing)
 *fill*         0x000000000800d7d6        0x2 
 .rodata.__multadd.str1.4
                0x000000000800d7d8       0x5b /opt/homebrew/Cellar/arm-none-eabi-gcc/10.3-2021.07/gcc/bin/../lib/gcc/arm-none-eabi/10.3.1/../../../../arm-none-eabi/lib/thumb/v7-m/nofp/libg.a(lib_a-mprec.o)
                                         0x6f (size before relaxing)
 *fill*         0x000000000800d833        0x5 
 .rodata.__mprec_bigtens
                0x000000000800d838       0x28 /opt/homebrew/Cellar/arm-none-eabi-gcc/10.3-2021.07/gcc/bin/../lib/gcc/arm-none-eabi/10.3.1/../../../../arm-none-eabi/lib/thumb/v7-m/nofp/libg.a(lib_a-mprec.o)
                0x000000000800d838                __mprec_bigtens
 .rodata.__mprec_tens
                0x000000000800d860       0xc8 /opt/homebrew/Cellar/arm-none-eabi-gcc/10.3-2021.07/gcc/bin/../lib/gcc/arm-none-eabi/10.3.1/../../../../arm-none-eabi/lib/thumb/v7-m/nofp/libg.a(lib_a-mprec.o)
                0x000000000800d860                __mprec_tens
 .rodata.p05.0  0x000000000800d928        0xc /opt/homebrew/Cellar/arm-none-eabi-gcc/10.3-2021.07/gcc/bin/../lib/gcc/arm-none-eabi/10.3.1/../../../../arm-none-eabi/lib/thumb/v7-m/nofp/libg.a(lib_a-mprec.o)
 .rodata._vfiprintf_r.str1.4
                0x000000000800d934       0x2f /opt/homebrew/Cellar/arm-none-eabi-gcc/10.3-2021.07/gcc/bin/../lib/gcc/arm-none-eabi/10.3.1/../../../../arm-none-eabi/lib/thumb/v7-m/nofp/libg.a(lib_a-vfiprintf.o)
 .rodata.blanks.1
                0x000000000800d934       0x10 /opt/homebrew/Cellar/arm-none-eabi-gcc/10.3-2021.07/gcc/bin/../lib/gcc/arm-none-eabi/10.3.1/../../../../arm-none-eabi/lib/thumb/v7-m/nofp/libg.a(lib_a-vfiprintf.o)
 .rodata.zeroes.0
                0x000000000800d944       0x10 /opt/homebrew/Cellar/arm-none-eabi-gcc/10.3-2021.07/gcc/bin/../lib/gcc/arm-none-eabi/10.3.1/../../../../arm-none-eabi/lib/thumb/v7-m/nofp/libg.a(lib_a-vfiprintf.o)
 .rodata.__assert_func.str1.4
                0x000000000800d954       0x3f /opt/homebrew/Cellar/arm-none-eabi-gcc/10.3-2021.07/gcc/bin/../lib/gcc/arm-none-eabi/10.3.1/../../../../arm-none-eabi/lib/thumb/v7-m/nofp/libg.a(lib_a-assert.o)
                                         0x43 (size before relaxing)
 *fill*         0x000000000800d993        0x1 
 .rodata._setlocale_r.str1.4
                0x000000000800d994        0xa /opt/homebrew/Cellar/arm-none-eabi-gcc/10.3-2021.07/gcc/bin/../lib/gcc/arm-none-eabi/10.3.1/../../../../arm-none-eabi/lib/thumb/v7-m/nofp/libg.a(lib_a-locale.o)
                                          0xd (size before relaxing)
 *fill*         0x000000000800d99e        0x2 
 .rodata.str1.4
                0x000000000800d9a0        0x2 /opt/homebrew/Cellar/arm-none-eabi-gcc/10.3-2021.07/gcc/bin/../lib/gcc/arm-none-eabi/10.3.1/../../../../arm-none-eabi/lib/thumb/v7-m/nofp/libg.a(lib_a-locale.o)
 *fill*         0x000000000800d9a2        0x2 
 .rodata._ctype_
                0x000000000800d9a4      0x101 /opt/homebrew/Cellar/arm-none-eabi-gcc/10.3-2021.07/gcc/bin/../lib/gcc/arm-none-eabi/10.3.1/../../../../arm-none-eabi/lib/thumb/v7-m/nofp/libg.a(lib_a-ctype_.o)
                0x000000000800d9a4                _ctype_