Archive member included to satisfy reference by file (symbol)

/opt/homebrew/Cellar/arm-none-eabi-gcc/10.3-2021.07/gcc/bin/../lib/gcc/arm-none-eabi/10.3.1/../../../../arm-none-eabi/lib/thumb/v7-m/nofp/libg.a(lib_a-errno.o)
                              CMakeFiles/Proj32.elf.dir/Core/Src/syscalls.c.obj (__errno)
/opt/homebrew/Cellar/arm-none-eabi-gcc/10.3-2021.07/gcc/bin/../lib/gcc/arm-none-eabi/10.3.1/../../../../arm-none-eabi/lib/thumb/v7-m/nofp/libg.a(lib_a-exit.o)
                              /opt/homebrew/Cellar/arm-none-eabi-gcc/10.3-2021.07/gcc/bin/../lib/gcc/arm-none-eabi/10.3.1/../../../../arm-none-eabi/lib/thumb/v7-m/nofp/crt0.o (exit)
/opt/homebrew/Cellar/arm-none-eabi-gcc/10.3-2021.07/gcc/bin/../lib/gcc/arm-none-eabi/10.3.1/../../../../arm-none-eabi/lib/thumb/v7-m/nofp/libg.a(lib_a-impure.o)
                              /opt/homebrew/Cellar/arm-none-eabi-gcc/10.3-2021.07/gcc/bin/../lib/gcc/arm-none-eabi/10.3.1/../../../../arm-none-eabi/lib/thumb/v7-m/nofp/libg.a(lib_a-exit.o) (_global_impure_ptr)
/opt/homebrew/Cellar/arm-none-eabi-gcc/10.3-2021.07/gcc/bin/../lib/gcc/arm-none-eabi/10.3.1/../../../../arm-none-eabi/lib/thumb/v7-m/nofp/libg.a(lib_a-init.o)
                              /opt/homebrew/Cellar/arm-none-eabi-gcc/10.3-2021.07/gcc/bin/../lib/gcc/arm-none-eabi/10.3.1/../../../../arm-none-eabi/lib/thumb/v7-m/nofp/crt0.o (__libc_init_array)
/opt/homebrew/Cellar/arm-none-eabi-gcc/10.3-2021.07/gcc/bin/../lib/gcc/arm-none-eabi/10.3.1/../../../../arm-none-eabi/lib/thumb/v7-m/nofp/libg.a(lib_a-memset.o)
                              /opt/homebrew/Cellar/arm-none-eabi-gcc/10.3-2021.07/gcc/bin/../lib/gcc/arm-none-eabi/10.3.1/../../../../arm-none-eabi/lib/thumb/v7-m/nofp/crt0.o (memset)
/opt/homebrew/Cellar/arm-none-eabi-gcc/10.3-2021.07/gcc/bin/../lib/gcc/arm-none-eabi/10.3.1/../../../../arm-none-eabi/lib/thumb/v7-m/nofp/libg.a(lib_a-__call_atexit.o)
                              /opt/homebrew/Cellar/arm-none-eabi-gcc/10.3-2021.07/gcc/bin/../lib/gcc/arm-none-eabi/10.3.1/../../../../arm-none-eabi/lib/thumb/v7-m/nofp/libg.a(lib_a-exit.o) (__call_exitprocs)
/opt/homebrew/Cellar/arm-none-eabi-gcc/10.3-2021.07/gcc/bin/../lib/gcc/arm-none-eabi/10.3.1/../../../../arm-none-eabi/lib/thumb/v7-m/nofp/libg.a(lib_a-atexit.o)
                              /opt/homebrew/Cellar/arm-none-eabi-gcc/10.3-2021.07/gcc/bin/../lib/gcc/arm-none-eabi/10.3.1/../../../../arm-none-eabi/lib/thumb/v7-m/nofp/libg.a(lib_a-__call_atexit.o) (atexit)
/opt/homebrew/Cellar/arm-none-eabi-gcc/10.3-2021.07/gcc/bin/../lib/gcc/arm-none-eabi/10.3.1/../../../../arm-none-eabi/lib/thumb/v7-m/nofp/libg.a(lib_a-fini.o)
                              /opt/homebrew/Cellar/arm-none-eabi-gcc/10.3-2021.07/gcc/bin/../lib/gcc/arm-none-eabi/10.3.1/../../../../arm-none-eabi/lib/thumb/v7-m/nofp/libg.a(lib_a-__call_atexit.o) (__libc_fini_array)
/opt/homebrew/Cellar/arm-none-eabi-gcc/10.3-2021.07/gcc/bin/../lib/gcc/arm-none-eabi/10.3.1/../../../../arm-none-eabi/lib/thumb/v7-m/nofp/libg.a(lib_a-lock.o)
                              /opt/homebrew/Cellar/arm-none-eabi-gcc/10.3-2021.07/gcc/bin/../lib/gcc/arm-none-eabi/10.3.1/../../../../arm-none-eabi/lib/thumb/v7-m/nofp/libg.a(lib_a-__call_atexit.o) (__retarget_lock_acquire_recursive)
/opt/homebrew/Cellar/arm-none-eabi-gcc/10.3-2021.07/gcc/bin/../lib/gcc/arm-none-eabi/10.3.1/../../../../arm-none-eabi/lib/thumb/v7-m/nofp/libg.a(lib_a-__atexit.o)
                              /opt/homebrew/Cellar/arm-none-eabi-gcc/10.3-2021.07/gcc/bin/../lib/gcc/arm-none-eabi/10.3.1/../../../../arm-none-eabi/lib/thumb/v7-m/nofp/libg.a(lib_a-atexit.o) (__register_exitproc)

Discarded input sections

 .text          0x0000000000000000        0x0 /opt/homebrew/Cellar/arm-none-eabi-gcc/10.3-2021.07/gcc/bin/../lib/gcc/arm-none-eabi/10.3.1/thumb/v7-m/nofp/crti.o
 .data          0x0000000000000000        0x0 /opt/homebrew/Cellar/arm-none-eabi-gcc/10.3-2021.07/gcc/bin/../lib/gcc/arm-none-eabi/10.3.1/thumb/v7-m/nofp/crti.o
 .bss           0x0000000000000000        0x0 /opt/homebrew/Cellar/arm-none-eabi-gcc/10.3-2021.07/gcc/bin/../lib/gcc/arm-none-eabi/10.3.1/thumb/v7-m/nofp/crti.o
 .data          0x0000000000000000        0x4 /opt/homebrew/Cellar/arm-none-eabi-gcc/10.3-2021.07/gcc/bin/../lib/gcc/arm-none-eabi/10.3.1/thumb/v7-m/nofp/crtbegin.o
 .rodata        0x0000000000000000       0x24 /opt/homebrew/Cellar/arm-none-eabi-gcc/10.3-2021.07/gcc/bin/../lib/gcc/arm-none-eabi/10.3.1/thumb/v7-m/nofp/crtbegin.o
 .text          0x0000000000000000       0x7c /opt/homebrew/Cellar/arm-none-eabi-gcc/10.3-2021.07/gcc/bin/../lib/gcc/arm-none-eabi/10.3.1/../../../../arm-none-eabi/lib/thumb/v7-m/nofp/crt0.o
 .data          0x0000000000000000        0x0 /opt/homebrew/Cellar/arm-none-eabi-gcc/10.3-2021.07/gcc/bin/../lib/gcc/arm-none-eabi/10.3.1/../../../../arm-none-eabi/lib/thumb/v7-m/nofp/crt0.o
[...]
Memory Configuration

Name             Origin             Length             Attributes
RAM              0x0000000020000000 0x0000000000005000 xrw
FLASH            0x0000000008000000 0x0000000000020000 xr
*default*        0x0000000000000000 0xffffffffffffffff

Linker script and memory map

LOAD /opt/homebrew/Cellar/arm-none-eabi-gcc/10.3-2021.07/gcc/bin/../lib/gcc/arm-none-eabi/10.3.1/thumb/v7-m/nofp/crti.o
LOAD /opt/homebrew/Cellar/arm-none-eabi-gcc/10.3-2021.07/gcc/bin/../lib/gcc/arm-none-eabi/10.3.1/thumb/v7-m/nofp/crtbegin.o
LOAD /opt/homebrew/Cellar/arm-none-eabi-gcc/10.3-2021.07/gcc/bin/../lib/gcc/arm-none-eabi/10.3.1/../../../../arm-none-eabi/lib/thumb/v7-m/nofp/crt0.o
LOAD CMakeFiles/Proj32.elf.dir/Core/Src/main.c.obj
LOAD CMakeFiles/Proj32.elf.dir/Core/Src/stm32f1xx_hal_msp.c.obj
LOAD CMakeFiles/Proj32.elf.dir/Core/Src/stm32f1xx_it.c.obj
LOAD CMakeFiles/Proj32.elf.dir/Core/Src/syscalls.c.obj
LOAD CMakeFiles/Proj32.elf.dir/Core/Src/sysmem.c.obj
LOAD CMakeFiles/Proj32.elf.dir/Core/Src/system_stm32f1xx.c.obj
LOAD CMakeFiles/Proj32.elf.dir/Core/Startup/startup_stm32f103vbtx.s.obj
LOAD CMakeFiles/Proj32.elf.dir/Drivers/STM32F1xx_HAL_Driver/Src/stm32f1xx_hal.c.obj
LOAD CMakeFiles/Proj32.elf.dir/Drivers/STM32F1xx_HAL_Driver/Src/stm32f1xx_hal_cortex.c.obj
LOAD CMakeFiles/Proj32.elf.dir/Drivers/STM32F1xx_HAL_Driver/Src/stm32f1xx_hal_dma.c.obj
LOAD CMakeFiles/Proj32.elf.dir/Drivers/STM32F1xx_HAL_Driver/Src/stm32f1xx_hal_exti.c.obj
LOAD CMakeFiles/Proj32.elf.dir/Drivers/STM32F1xx_HAL_Driver/Src/stm32f1xx_hal_flash.c.obj
LOAD CMakeFiles/Proj32.elf.dir/Drivers/STM32F1xx_HAL_Driver/Src/stm32f1xx_hal_flash_ex.c.obj
LOAD CMakeFiles/Proj32.elf.dir/Drivers/STM32F1xx_HAL_Driver/Src/stm32f1xx_hal_gpio.c.obj
LOAD CMakeFiles/Proj32.elf.dir/Drivers/STM32F1xx_HAL_Driver/Src/stm32f1xx_hal_gpio_ex.c.obj
LOAD CMakeFiles/Proj32.elf.dir/Drivers/STM32F1xx_HAL_Driver/Src/stm32f1xx_hal_pwr.c.obj
LOAD CMakeFiles/Proj32.elf.dir/Drivers/STM32F1xx_HAL_Driver/Src/stm32f1xx_hal_rcc.c.obj
LOAD CMakeFiles/Proj32.elf.dir/Drivers/STM32F1xx_HAL_Driver/Src/stm32f1xx_hal_rcc_ex.c.obj
LOAD CMakeFiles/Proj32.elf.dir/Drivers/STM32F1xx_HAL_Driver/Src/stm32f1xx_hal_tim.c.obj
LOAD CMakeFiles/Proj32.elf.dir/Drivers/STM32F1xx_HAL_Driver/Src/stm32f1xx_hal_tim_ex.c.obj
START GROUP
LOAD /opt/homebrew/Cellar/arm-none-eabi-gcc/10.3-2021.07/gcc/bin/../lib/gcc/arm-none-eabi/10.3.1/thumb/v7-m/nofp/libgcc.a
LOAD /opt/homebrew/Cellar/arm-none-eabi-gcc/10.3-2021.07/gcc/bin/../lib/gcc/arm-none-eabi/10.3.1/../../../../arm-none-eabi/lib/thumb/v7-m/nofp/libg.a
LOAD /opt/homebrew/Cellar/arm-none-eabi-gcc/10.3-2021.07/gcc/bin/../lib/gcc/arm-none-eabi/10.3.1/../../../../arm-none-eabi/lib/thumb/v7-m/nofp/libc.a
END GROUP
LOAD /opt/homebrew/Cellar/arm-none-eabi-gcc/10.3-2021.07/gcc/bin/../lib/gcc/arm-none-eabi/10.3.1/thumb/v7-m/nofp/crtend.o
LOAD /opt/homebrew/Cellar/arm-none-eabi-gcc/10.3-2021.07/gcc/bin/../lib/gcc/arm-none-eabi/10.3.1/thumb/v7-m/nofp/crtn.o
                0x0000000020005000                _estack = (ORIGIN (RAM) + LENGTH (RAM))
                0x0000000000000200                _Min_Heap_Size = 0x200
                0x0000000000000400                _Min_Stack_Size = 0x400

.isr_vector     0x0000000008000000      0x10c
                0x0000000008000000                . = ALIGN (0x4)
 *(.isr_vector)
 .isr_vector    0x0000000008000000      0x10c CMakeFiles/Proj32.elf.dir/Core/Startup/startup_stm32f103vbtx.s.obj
                0x0000000008000000                g_pfnVectors
                0x000000000800010c                . = ALIGN (0x4)

.text           0x000000000800010c      0xdcc
                0x000000000800010c                . = ALIGN (0x4)
 *(.text)
 .text          0x000000000800010c       0x40 /opt/homebrew/Cellar/arm-none-eabi-gcc/10.3-2021.07/gcc/bin/../lib/gcc/arm-none-eabi/10.3.1/thumb/v7-m/nofp/crtbegin.o
 *(.text*)
 .text.MX_GPIO_Init
                0x000000000800014c       0xc0 CMakeFiles/Proj32.elf.dir/Core/Src/main.c.obj
 .text.Error_Handler
                0x000000000800020c        0x4 CMakeFiles/Proj32.elf.dir/Core/Src/main.c.obj
                0x000000000800020c                Error_Handler
 .text.SystemClock_Config
                0x0000000008000210       0x52 CMakeFiles/Proj32.elf.dir/Core/Src/main.c.obj
                0x0000000008000210                SystemClock_Config
 *fill*         0x0000000008000262        0x2 
 .text.main     0x0000000008000264       0x3c CMakeFiles/Proj32.elf.dir/Core/Src/main.c.obj
                0x0000000008000264                main
 .text.HAL_MspInit
                0x00000000080002a0       0x44 CMakeFiles/Proj32.elf.dir/Core/Src/stm32f1xx_hal_msp.c.obj
                0x00000000080002a0                HAL_MspInit
 .text.NMI_Handler
                0x00000000080002e4        0x2 CMakeFiles/Proj32.elf.dir/Core/Src/stm32f1xx_it.c.obj
                0x00000000080002e4                NMI_Handler
 .text.HardFault_Handler
                0x00000000080002e6        0x2 CMakeFiles/Proj32.elf.dir/Core/Src/stm32f1xx_it.c.obj
                0x00000000080002e6                HardFault_Handler
 .text.MemManage_Handler
                0x00000000080002e8        0x2 CMakeFiles/Proj32.elf.dir/Core/Src/stm32f1xx_it.c.obj
                0x00000000080002e8                MemManage_Handler
 .text.BusFault_Handler
                0x00000000080002ea        0x2 CMakeFiles/Proj32.elf.dir/Core/Src/stm32f1xx_it.c.obj
                0x00000000080002ea                BusFault_Handler
 .text.UsageFault_Handler
                0x00000000080002ec        0x2 CMakeFiles/Proj32.elf.dir/Core/Src/stm32f1xx_it.c.obj
                0x00000000080002ec                UsageFault_Handler
 .text.SVC_Handler
                0x00000000080002ee        0x2 CMakeFiles/Proj32.elf.dir/Core/Src/stm32f1xx_it.c.obj
                0x00000000080002ee                SVC_Handler
 .text.DebugMon_Handler
                0x00000000080002f0        0x2 CMakeFiles/Proj32.elf.dir/Core/Src/stm32f1xx_it.c.obj
                0x00000000080002f0                DebugMon_Handler
 .text.PendSV_Handler
                0x00000000080002f2        0x2 CMakeFiles/Proj32.elf.dir/Core/Src/stm32f1xx_it.c.obj
                0x00000000080002f2                PendSV_Handler
 .text.SysTick_Handler
                0x00000000080002f4        0x8 CMakeFiles/Proj32.elf.dir/Core/Src/stm32f1xx_it.c.obj
                0x00000000080002f4                SysTick_Handler
 .text.SystemInit
                0x00000000080002fc        0x2 CMakeFiles/Proj32.elf.dir/Core/Src/system_stm32f1xx.c.obj
                0x00000000080002fc                SystemInit
 *fill*         0x00000000080002fe        0x2 
 .text.Reset_Handler
                0x0000000008000300       0x48 CMakeFiles/Proj32.elf.dir/Core/Startup/startup_stm32f103vbtx.s.obj
                0x0000000008000300                Reset_Handler
 .text.Default_Handler
                0x0000000008000348        0x2 CMakeFiles/Proj32.elf.dir/Core/Startup/startup_stm32f103vbtx.s.obj
                0x0000000008000348                USBWakeUp_IRQHandler
                0x0000000008000348                EXTI2_IRQHandler
                0x0000000008000348                TIM1_CC_IRQHandler
                0x0000000008000348                PVD_IRQHandler
                0x0000000008000348                EXTI3_IRQHandler
                0x0000000008000348                EXTI0_IRQHandler
                0x0000000008000348                I2C2_EV_IRQHandler
                0x0000000008000348                ADC1_2_IRQHandler
                0x0000000008000348                SPI1_IRQHandler
                0x0000000008000348                TAMPER_IRQHandler
                0x0000000008000348                DMA1_Channel4_IRQHandler
                0x0000000008000348                USART3_IRQHandler
                0x0000000008000348                RTC_IRQHandler
                0x0000000008000348                DMA1_Channel7_IRQHandler
                0x0000000008000348                CAN1_RX1_IRQHandler
                0x0000000008000348                TIM4_IRQHandler
                0x0000000008000348                I2C1_EV_IRQHandler
                0x0000000008000348                DMA1_Channel6_IRQHandler
                0x0000000008000348                TIM3_IRQHandler
                0x0000000008000348                RCC_IRQHandler
                0x0000000008000348                TIM1_TRG_COM_IRQHandler
                0x0000000008000348                DMA1_Channel1_IRQHandler
                0x0000000008000348                Default_Handler
                0x0000000008000348                EXTI15_10_IRQHandler
                0x0000000008000348                EXTI9_5_IRQHandler
                0x0000000008000348                SPI2_IRQHandler
                0x0000000008000348                DMA1_Channel5_IRQHandler
                0x0000000008000348                EXTI4_IRQHandler
                0x0000000008000348                USB_LP_CAN1_RX0_IRQHandler
                0x0000000008000348                USB_HP_CAN1_TX_IRQHandler
                0x0000000008000348                DMA1_Channel3_IRQHandler
                0x0000000008000348                TIM1_UP_IRQHandler
                0x0000000008000348                WWDG_IRQHandler
                0x0000000008000348                TIM2_IRQHandler
                0x0000000008000348                TIM1_BRK_IRQHandler
                0x0000000008000348                EXTI1_IRQHandler
                0x0000000008000348                USART2_IRQHandler
                0x0000000008000348                I2C2_ER_IRQHandler
                0x0000000008000348                DMA1_Channel2_IRQHandler
                0x0000000008000348                CAN1_SCE_IRQHandler
                0x0000000008000348                FLASH_IRQHandler
                0x0000000008000348                USART1_IRQHandler
                0x0000000008000348                I2C1_ER_IRQHandler
                0x0000000008000348                RTC_Alarm_IRQHandler
 *fill*         0x000000000800034a        0x2 
 .text.HAL_InitTick
                0x000000000800034c       0x4c CMakeFiles/Proj32.elf.dir/Drivers/STM32F1xx_HAL_Driver/Src/stm32f1xx_hal.c.obj
                0x000000000800034c                HAL_InitTick
 .text.HAL_Init
                0x0000000008000398       0x24 CMakeFiles/Proj32.elf.dir/Drivers/STM32F1xx_HAL_Driver/Src/stm32f1xx_hal.c.obj
                0x0000000008000398                HAL_Init
 .text.HAL_IncTick
                0x00000000080003bc       0x18 CMakeFiles/Proj32.elf.dir/Drivers/STM32F1xx_HAL_Driver/Src/stm32f1xx_hal.c.obj
                0x00000000080003bc                HAL_IncTick
 .text.HAL_GetTick
                0x00000000080003d4        0xc CMakeFiles/Proj32.elf.dir/Drivers/STM32F1xx_HAL_Driver/Src/stm32f1xx_hal.c.obj
                0x00000000080003d4                HAL_GetTick
 .text.HAL_NVIC_SetPriorityGrouping
                0x00000000080003e0       0x24 CMakeFiles/Proj32.elf.dir/Drivers/STM32F1xx_HAL_Driver/Src/stm32f1xx_hal_cortex.c.obj
                0x00000000080003e0                HAL_NVIC_SetPriorityGrouping
 .text.HAL_NVIC_SetPriority
                0x0000000008000404       0x70 CMakeFiles/Proj32.elf.dir/Drivers/STM32F1xx_HAL_Driver/Src/stm32f1xx_hal_cortex.c.obj
                0x0000000008000404                HAL_NVIC_SetPriority
 .text.HAL_SYSTICK_Config
                0x0000000008000474       0x28 CMakeFiles/Proj32.elf.dir/Drivers/STM32F1xx_HAL_Driver/Src/stm32f1xx_hal_cortex.c.obj
                0x0000000008000474                HAL_SYSTICK_Config
 .text.HAL_GPIO_Init
                0x000000000800049c      0x224 CMakeFiles/Proj32.elf.dir/Drivers/STM32F1xx_HAL_Driver/Src/stm32f1xx_hal_gpio.c.obj
                0x000000000800049c                HAL_GPIO_Init
 .text.HAL_GPIO_ReadPin
                0x00000000080006c0        0xe CMakeFiles/Proj32.elf.dir/Drivers/STM32F1xx_HAL_Driver/Src/stm32f1xx_hal_gpio.c.obj
                0x00000000080006c0                HAL_GPIO_ReadPin
 .text.HAL_GPIO_WritePin
                0x00000000080006ce        0xc CMakeFiles/Proj32.elf.dir/Drivers/STM32F1xx_HAL_Driver/Src/stm32f1xx_hal_gpio.c.obj
                0x00000000080006ce                HAL_GPIO_WritePin
 *fill*         0x00000000080006da        0x2 
 .text.RCC_Delay
                0x00000000080006dc       0x2c CMakeFiles/Proj32.elf.dir/Drivers/STM32F1xx_HAL_Driver/Src/stm32f1xx_hal_rcc.c.obj
 .text.HAL_RCC_OscConfig
                0x0000000008000708      0x410 CMakeFiles/Proj32.elf.dir/Drivers/STM32F1xx_HAL_Driver/Src/stm32f1xx_hal_rcc.c.obj
                0x0000000008000708                HAL_RCC_OscConfig
 .text.HAL_RCC_GetSysClockFreq
                0x0000000008000b18       0x70 CMakeFiles/Proj32.elf.dir/Drivers/STM32F1xx_HAL_Driver/Src/stm32f1xx_hal_rcc.c.obj
                0x0000000008000b18                HAL_RCC_GetSysClockFreq
 .text.HAL_RCC_ClockConfig
                0x0000000008000b88      0x16c CMakeFiles/Proj32.elf.dir/Drivers/STM32F1xx_HAL_Driver/Src/stm32f1xx_hal_rcc.c.obj
                0x0000000008000b88                HAL_RCC_ClockConfig
 .text.__libc_init_array
                0x0000000008000cf4       0x48 /opt/homebrew/Cellar/arm-none-eabi-gcc/10.3-2021.07/gcc/bin/../lib/gcc/arm-none-eabi/10.3.1/../../../../arm-none-eabi/lib/thumb/v7-m/nofp/libg.a(lib_a-init.o)
                0x0000000008000cf4                __libc_init_array
 .text.memset   0x0000000008000d3c       0xa4 /opt/homebrew/Cellar/arm-none-eabi-gcc/10.3-2021.07/gcc/bin/../lib/gcc/arm-none-eabi/10.3.1/../../../../arm-none-eabi/lib/thumb/v7-m/nofp/libg.a(lib_a-memset.o)
                0x0000000008000d3c                memset
 .text.startup.register_fini
                0x0000000008000de0       0x14 /opt/homebrew/Cellar/arm-none-eabi-gcc/10.3-2021.07/gcc/bin/../lib/gcc/arm-none-eabi/10.3.1/../../../../arm-none-eabi/lib/thumb/v7-m/nofp/libg.a(lib_a-__call_atexit.o)
 .text.atexit   0x0000000008000df4        0xc /opt/homebrew/Cellar/arm-none-eabi-gcc/10.3-2021.07/gcc/bin/../lib/gcc/arm-none-eabi/10.3.1/../../../../arm-none-eabi/lib/thumb/v7-m/nofp/libg.a(lib_a-atexit.o)
                0x0000000008000df4                atexit
 .text.__libc_fini_array
                0x0000000008000e00       0x2c /opt/homebrew/Cellar/arm-none-eabi-gcc/10.3-2021.07/gcc/bin/../lib/gcc/arm-none-eabi/10.3.1/../../../../arm-none-eabi/lib/thumb/v7-m/nofp/libg.a(lib_a-fini.o)
                0x0000000008000e00                __libc_fini_array
 .text.__retarget_lock_acquire_recursive
                0x0000000008000e2c        0x4 /opt/homebrew/Cellar/arm-none-eabi-gcc/10.3-2021.07/gcc/bin/../lib/gcc/arm-none-eabi/10.3.1/../../../../arm-none-eabi/lib/thumb/v7-m/nofp/libg.a(lib_a-lock.o)
                0x0000000008000e2c                __retarget_lock_acquire_recursive
 .text.__retarget_lock_release_recursive
                0x0000000008000e30        0x4 /opt/homebrew/Cellar/arm-none-eabi-gcc/10.3-2021.07/gcc/bin/../lib/gcc/arm-none-eabi/10.3.1/../../../../arm-none-eabi/lib/thumb/v7-m/nofp/libg.a(lib_a-lock.o)
                0x0000000008000e30                __retarget_lock_release_recursive
 .text.__register_exitproc
                0x0000000008000e34       0x8c /opt/homebrew/Cellar/arm-none-eabi-gcc/10.3-2021.07/gcc/bin/../lib/gcc/arm-none-eabi/10.3.1/../../../../arm-none-eabi/lib/thumb/v7-m/nofp/libg.a(lib_a-__atexit.o)
                0x0000000008000e34                __register_exitproc
 *(.glue_7)
 .glue_7        0x0000000008000ec0        0x0 linker stubs
 *(.glue_7t)
 .glue_7t       0x0000000008000ec0        0x0 linker stubs
 *(.eh_frame)
 .eh_frame      0x0000000008000ec0        0x0 /opt/homebrew/Cellar/arm-none-eabi-gcc/10.3-2021.07/gcc/bin/../lib/gcc/arm-none-eabi/10.3.1/thumb/v7-m/nofp/crtbegin.o
 *(.init)
 .init          0x0000000008000ec0        0x4 /opt/homebrew/Cellar/arm-none-eabi-gcc/10.3-2021.07/gcc/bin/../lib/gcc/arm-none-eabi/10.3.1/thumb/v7-m/nofp/crti.o
                0x0000000008000ec0                _init
 .init          0x0000000008000ec4        0x8 /opt/homebrew/Cellar/arm-none-eabi-gcc/10.3-2021.07/gcc/bin/../lib/gcc/arm-none-eabi/10.3.1/thumb/v7-m/nofp/crtn.o
 *(.fini)
 .fini          0x0000000008000ecc        0x4 /opt/homebrew/Cellar/arm-none-eabi-gcc/10.3-2021.07/gcc/bin/../lib/gcc/arm-none-eabi/10.3.1/thumb/v7-m/nofp/crti.o
                0x0000000008000ecc                _fini
 .fini          0x0000000008000ed0        0x8 /opt/homebrew/Cellar/arm-none-eabi-gcc/10.3-2021.07/gcc/bin/../lib/gcc/arm-none-eabi/10.3.1/thumb/v7-m/nofp/crtn.o
                0x0000000008000ed8                . = ALIGN (0x4)
                0x0000000008000ed8                _etext = .

.vfp11_veneer   0x0000000008000ed8        0x0
 .vfp11_veneer  0x0000000008000ed8        0x0 linker stubs

.v4_bx          0x0000000008000ed8        0x0
 .v4_bx         0x0000000008000ed8        0x0 linker stubs

.iplt           0x0000000008000ed8        0x0
 .iplt          0x0000000008000ed8        0x0 /opt/homebrew/Cellar/arm-none-eabi-gcc/10.3-2021.07/gcc/bin/../lib/gcc/arm-none-eabi/10.3.1/thumb/v7-m/nofp/crtbegin.o

.rodata         0x0000000008000ed8       0x28
                0x0000000008000ed8                . = ALIGN (0x4)
 *(.rodata)
 *(.rodata*)
 .rodata.AHBPrescTable
                0x0000000008000ed8       0x10 CMakeFiles/Proj32.elf.dir/Core/Src/system_stm32f1xx.c.obj
                0x0000000008000ed8                AHBPrescTable
 .rodata.HAL_RCC_GetSysClockFreq.str1.4
                0x0000000008000ee8       0x11 CMakeFiles/Proj32.elf.dir/Drivers/STM32F1xx_HAL_Driver/Src/stm32f1xx_hal_rcc.c.obj
 *fill*         0x0000000008000ef9        0x3 
 .rodata._global_impure_ptr
                0x0000000008000efc        0x4 /opt/homebrew/Cellar/arm-none-eabi-gcc/10.3-2021.07/gcc/bin/../lib/gcc/arm-none-eabi/10.3.1/../../../../arm-none-eabi/lib/thumb/v7-m/nofp/libg.a(lib_a-impure.o)
                0x0000000008000efc                _global_impure_ptr
                0x0000000008000f00                . = ALIGN (0x4)

.rel.dyn        0x0000000008000f00        0x0
 .rel.iplt      0x0000000008000f00        0x0 /opt/homebrew/Cellar/arm-none-eabi-gcc/10.3-2021.07/gcc/bin/../lib/gcc/arm-none-eabi/10.3.1/thumb/v7-m/nofp/crtbegin.o

.ARM.extab      0x0000000008000f00        0x0
                0x0000000008000f00                . = ALIGN (0x4)
 *(.ARM.extab* .gnu.linkonce.armextab.*)
                0x0000000008000f00                . = ALIGN (0x4)

.ARM            0x0000000008000f00        0x0
                0x0000000008000f00                . = ALIGN (0x4)
                0x0000000008000f00                __exidx_start = .
 *(.ARM.exidx*)
                0x0000000008000f00                __exidx_end = .
                0x0000000008000f00                . = ALIGN (0x4)

.preinit_array  0x0000000008000f00        0x0
                0x0000000008000f00                . = ALIGN (0x4)
                0x0000000008000f00                PROVIDE (__preinit_array_start = .)
 *(.preinit_array*)
                0x0000000008000f00                PROVIDE (__preinit_array_end = .)
                0x0000000008000f00                . = ALIGN (0x4)

.init_array     0x0000000008000f00        0x8
                0x0000000008000f00                . = ALIGN (0x4)
                0x0000000008000f00                PROVIDE (__init_array_start = .)
 *(SORT_BY_NAME(.init_array.*))
 .init_array.00000
                0x0000000008000f00        0x4 /opt/homebrew/Cellar/arm-none-eabi-gcc/10.3-2021.07/gcc/bin/../lib/gcc/arm-none-eabi/10.3.1/../../../../arm-none-eabi/lib/thumb/v7-m/nofp/libg.a(lib_a-__call_atexit.o)
 *(.init_array*)
 .init_array    0x0000000008000f04        0x4 /opt/homebrew/Cellar/arm-none-eabi-gcc/10.3-2021.07/gcc/bin/../lib/gcc/arm-none-eabi/10.3.1/thumb/v7-m/nofp/crtbegin.o
                0x0000000008000f08                PROVIDE (__init_array_end = .)
                0x0000000008000f08                . = ALIGN (0x4)

.fini_array     0x0000000008000f08        0x4
                0x0000000008000f08                . = ALIGN (0x4)
                0x0000000008000f08                PROVIDE (__fini_array_start = .)
 *(SORT_BY_NAME(.fini_array.*))
 *(.fini_array*)
 .fini_array    0x0000000008000f08        0x4 /opt/homebrew/Cellar/arm-none-eabi-gcc/10.3-2021.07/gcc/bin/../lib/gcc/arm-none-eabi/10.3.1/thumb/v7-m/nofp/crtbegin.o
                0x0000000008000f0c                PROVIDE (__fini_array_end = .)
                0x0000000008000f0c                . = ALIGN (0x4)
                0x0000000008000f0c                _sidata = LOADADDR (.data)

.data           0x0000000020000000      0x43c load address 0x0000000008000f0c
                0x0000000020000000                . = ALIGN (0x4)
                0x0000000020000000                _sdata = .
 *(.data)
 *(.data*)
 .data.SystemCoreClock
                0x0000000020000000        0x4 CMakeFiles/Proj32.elf.dir/Core/Src/system_stm32f1xx.c.obj
                0x0000000020000000                SystemCoreClock
 .data.uwTickFreq
                0x0000000020000004        0x1 CMakeFiles/Proj32.elf.dir/Drivers/STM32F1xx_HAL_Driver/Src/stm32f1xx_hal.c.obj
                0x0000000020000004                uwTickFreq
 *fill*         0x0000000020000005        0x3 
 .data.uwTickPrio
                0x0000000020000008        0x4 CMakeFiles/Proj32.elf.dir/Drivers/STM32F1xx_HAL_Driver/Src/stm32f1xx_hal.c.obj
                0x0000000020000008                uwTickPrio
 *fill*         0x000000002000000c        0x4 
 .data.impure_data
                0x0000000020000010      0x428 /opt/homebrew/Cellar/arm-none-eabi-gcc/10.3-2021.07/gcc/bin/../lib/gcc/arm-none-eabi/10.3.1/../../../../arm-none-eabi/lib/thumb/v7-m/nofp/libg.a(lib_a-impure.o)
 .data.__atexit_recursive_mutex
                0x0000000020000438        0x4 /opt/homebrew/Cellar/arm-none-eabi-gcc/10.3-2021.07/gcc/bin/../lib/gcc/arm-none-eabi/10.3.1/../../../../arm-none-eabi/lib/thumb/v7-m/nofp/libg.a(lib_a-__call_atexit.o)
                0x0000000020000438                __atexit_recursive_mutex
 *(.RamFunc)
 *(.RamFunc*)
                0x000000002000043c                . = ALIGN (0x4)
                0x000000002000043c                _edata = .

.igot.plt       0x000000002000043c        0x0 load address 0x0000000008001348
 .igot.plt      0x000000002000043c        0x0 /opt/homebrew/Cellar/arm-none-eabi-gcc/10.3-2021.07/gcc/bin/../lib/gcc/arm-none-eabi/10.3.1/thumb/v7-m/nofp/crtbegin.o
                0x000000002000043c                . = ALIGN (0x4)

.bss            0x000000002000043c       0x24 load address 0x0000000008001348
                0x000000002000043c                _sbss = .
                0x000000002000043c                __bss_start__ = _sbss
 *(.bss)
 .bss           0x000000002000043c       0x1c /opt/homebrew/Cellar/arm-none-eabi-gcc/10.3-2021.07/gcc/bin/../lib/gcc/arm-none-eabi/10.3.1/thumb/v7-m/nofp/crtbegin.o
 *(.bss*)
 .bss.uwTick    0x0000000020000458        0x4 CMakeFiles/Proj32.elf.dir/Drivers/STM32F1xx_HAL_Driver/Src/stm32f1xx_hal.c.obj
                0x0000000020000458                uwTick
 .bss.__lock___atexit_recursive_mutex
                0x000000002000045c        0x1 /opt/homebrew/Cellar/arm-none-eabi-gcc/10.3-2021.07/gcc/bin/../lib/gcc/arm-none-eabi/10.3.1/../../../../arm-none-eabi/lib/thumb/v7-m/nofp/libg.a(lib_a-lock.o)
                0x000000002000045c                __lock___atexit_recursive_mutex
 *(COMMON)
                0x0000000020000460                . = ALIGN (0x4)
 *fill*         0x000000002000045d        0x3 
                0x0000000020000460                _ebss = .
                0x0000000020000460                __bss_end__ = _ebss

._user_heap_stack
                0x0000000020000460      0x600 load address 0x0000000008001348
                0x0000000020000460                . = ALIGN (0x8)
                [!provide]                        PROVIDE (end = .)
                0x0000000020000460                PROVIDE (_end = .)
                0x0000000020000660                . = (. + _Min_Heap_Size)
 *fill*         0x0000000020000460      0x200 
                0x0000000020000a60                . = (. + _Min_Stack_Size)
 *fill*         0x0000000020000660      0x400 
                0x0000000020000a60                . = ALIGN (0x8)

/DISCARD/
 libc.a(*)
 libm.a(*)
 libgcc.a(*)

.ARM.attributes
                0x0000000000000000       0x29
 *(.ARM.attributes)
 .ARM.attributes
                0x0000000000000000       0x1d /opt/homebrew/Cellar/arm-none-eabi-gcc/10.3-2021.07/gcc/bin/../lib/gcc/arm-none-eabi/10.3.1/thumb/v7-m/nofp/crti.o
 .ARM.attributes
                0x000000000000001d       0x2d /opt/homebrew/Cellar/arm-none-eabi-gcc/10.3-2021.07/gcc/bin/../lib/gcc/arm-none-eabi/10.3.1/thumb/v7-m/nofp/crtbegin.o
 .ARM.attributes
                0x000000000000004a       0x2d CMakeFiles/Proj32.elf.dir/Core/Src/main.c.obj
 .ARM.attributes
                0x0000000000000077       0x2d CMakeFiles/Proj32.elf.dir/Core/Src/stm32f1xx_hal_msp.c.obj
 .ARM.attributes
                0x00000000000000a4       0x2d CMakeFiles/Proj32.elf.dir/Core/Src/stm32f1xx_it.c.obj
 .ARM.attributes
                0x00000000000000d1       0x2d CMakeFiles/Proj32.elf.dir/Core/Src/system_stm32f1xx.c.obj
 .ARM.attributes
                0x00000000000000fe       0x21 CMakeFiles/Proj32.elf.dir/Core/Startup/startup_stm32f103vbtx.s.obj
 .ARM.attributes
                0x000000000000011f       0x2d CMakeFiles/Proj32.elf.dir/Drivers/STM32F1xx_HAL_Driver/Src/stm32f1xx_hal.c.obj
 .ARM.attributes
                0x000000000000014c       0x2d CMakeFiles/Proj32.elf.dir/Drivers/STM32F1xx_HAL_Driver/Src/stm32f1xx_hal_cortex.c.obj
 .ARM.attributes
                0x0000000000000179       0x2d CMakeFiles/Proj32.elf.dir/Drivers/STM32F1xx_HAL_Driver/Src/stm32f1xx_hal_gpio.c.obj
 .ARM.attributes
                0x00000000000001a6       0x2d CMakeFiles/Proj32.elf.dir/Drivers/STM32F1xx_HAL_Driver/Src/stm32f1xx_hal_rcc.c.obj
 .ARM.attributes
                0x00000000000001d3       0x2d /opt/homebrew/Cellar/arm-none-eabi-gcc/10.3-2021.07/gcc/bin/../lib/gcc/arm-none-eabi/10.3.1/../../../../arm-none-eabi/lib/thumb/v7-m/nofp/libg.a(lib_a-impure.o)
 .ARM.attributes
                0x0000000000000200       0x2d /opt/homebrew/Cellar/arm-none-eabi-gcc/10.3-2021.07/gcc/bin/../lib/gcc/arm-none-eabi/10.3.1/../../../../arm-none-eabi/lib/thumb/v7-m/nofp/libg.a(lib_a-init.o)
 .ARM.attributes
                0x000000000000022d       0x2d /opt/homebrew/Cellar/arm-none-eabi-gcc/10.3-2021.07/gcc/bin/../lib/gcc/arm-none-eabi/10.3.1/../../../../arm-none-eabi/lib/thumb/v7-m/nofp/libg.a(lib_a-memset.o)
 .ARM.attributes
                0x000000000000025a       0x2d /opt/homebrew/Cellar/arm-none-eabi-gcc/10.3-2021.07/gcc/bin/../lib/gcc/arm-none-eabi/10.3.1/../../../../arm-none-eabi/lib/thumb/v7-m/nofp/libg.a(lib_a-__call_atexit.o)
 .ARM.attributes
                0x0000000000000287       0x2d /opt/homebrew/Cellar/arm-none-eabi-gcc/10.3-2021.07/gcc/bin/../lib/gcc/arm-none-eabi/10.3.1/../../../../arm-none-eabi/lib/thumb/v7-m/nofp/libg.a(lib_a-atexit.o)
 .ARM.attributes
                0x00000000000002b4       0x2d /opt/homebrew/Cellar/arm-none-eabi-gcc/10.3-2021.07/gcc/bin/../lib/gcc/arm-none-eabi/10.3.1/../../../../arm-none-eabi/lib/thumb/v7-m/nofp/libg.a(lib_a-fini.o)
 .ARM.attributes
                0x00000000000002e1       0x2d /opt/homebrew/Cellar/arm-none-eabi-gcc/10.3-2021.07/gcc/bin/../lib/gcc/arm-none-eabi/10.3.1/../../../../arm-none-eabi/lib/thumb/v7-m/nofp/libg.a(lib_a-lock.o)
 .ARM.attributes
                0x000000000000030e       0x2d /opt/homebrew/Cellar/arm-none-eabi-gcc/10.3-2021.07/gcc/bin/../lib/gcc/arm-none-eabi/10.3.1/../../../../arm-none-eabi/lib/thumb/v7-m/nofp/libg.a(lib_a-__atexit.o)
 .ARM.attributes
                0x000000000000033b       0x1d /opt/homebrew/Cellar/arm-none-eabi-gcc/10.3-2021.07/gcc/bin/../lib/gcc/arm-none-eabi/10.3.1/thumb/v7-m/nofp/crtn.o
OUTPUT(Proj32.elf elf32-littlearm)
LOAD linker stubs
LOAD /opt/homebrew/Cellar/arm-none-eabi-gcc/10.3-2021.07/gcc/bin/../lib/gcc/arm-none-eabi/10.3.1/../../../../arm-none-eabi/lib/thumb/v7-m/nofp/libc.a
LOAD /opt/homebrew/Cellar/arm-none-eabi-gcc/10.3-2021.07/gcc/bin/../lib/gcc/arm-none-eabi/10.3.1/../../../../arm-none-eabi/lib/thumb/v7-m/nofp/libm.a
LOAD /opt/homebrew/Cellar/arm-none-eabi-gcc/10.3-2021.07/gcc/bin/../lib/gcc/arm-none-eabi/10.3.1/thumb/v7-m/nofp/libgcc.a

.debug_info     0x0000000000000000     0x31d9
 .debug_info    0x0000000000000000      0x657 CMakeFiles/Proj32.elf.dir/Core/Src/main.c.obj
 .debug_info    0x0000000000000657      0x211 CMakeFiles/Proj32.elf.dir/Core/Src/stm32f1xx_hal_msp.c.obj
 .debug_info    0x0000000000000868      0x130 CMakeFiles/Proj32.elf.dir/Core/Src/stm32f1xx_it.c.obj
 .debug_info    0x0000000000000998      0x248 CMakeFiles/Proj32.elf.dir/Core/Src/system_stm32f1xx.c.obj
 .debug_info    0x0000000000000be0       0x22 CMakeFiles/Proj32.elf.dir/Core/Startup/startup_stm32f103vbtx.s.obj
 .debug_info    0x0000000000000c02      0x7a8 CMakeFiles/Proj32.elf.dir/Drivers/STM32F1xx_HAL_Driver/Src/stm32f1xx_hal.c.obj
 .debug_info    0x00000000000013aa      0xd8a CMakeFiles/Proj32.elf.dir/Drivers/STM32F1xx_HAL_Driver/Src/stm32f1xx_hal_cortex.c.obj
 .debug_info    0x0000000000002134      0x66f CMakeFiles/Proj32.elf.dir/Drivers/STM32F1xx_HAL_Driver/Src/stm32f1xx_hal_gpio.c.obj
 .debug_info    0x00000000000027a3      0xa36 CMakeFiles/Proj32.elf.dir/Drivers/STM32F1xx_HAL_Driver/Src/stm32f1xx_hal_rcc.c.obj

.debug_abbrev   0x0000000000000000      0xe2f
 .debug_abbrev  0x0000000000000000      0x1e7 CMakeFiles/Proj32.elf.dir/Core/Src/main.c.obj
 .debug_abbrev  0x00000000000001e7       0xe5 CMakeFiles/Proj32.elf.dir/Core/Src/stm32f1xx_hal_msp.c.obj
 .debug_abbrev  0x00000000000002cc       0x7e CMakeFiles/Proj32.elf.dir/Core/Src/stm32f1xx_it.c.obj
 .debug_abbrev  0x000000000000034a      0x13e CMakeFiles/Proj32.elf.dir/Core/Src/system_stm32f1xx.c.obj
 .debug_abbrev  0x0000000000000488       0x12 CMakeFiles/Proj32.elf.dir/Core/Startup/startup_stm32f103vbtx.s.obj
 .debug_abbrev  0x000000000000049a      0x1f4 CMakeFiles/Proj32.elf.dir/Drivers/STM32F1xx_HAL_Driver/Src/stm32f1xx_hal.c.obj
 .debug_abbrev  0x000000000000068e      0x341 CMakeFiles/Proj32.elf.dir/Drivers/STM32F1xx_HAL_Driver/Src/stm32f1xx_hal_cortex.c.obj
 .debug_abbrev  0x00000000000009cf      0x1e6 CMakeFiles/Proj32.elf.dir/Drivers/STM32F1xx_HAL_Driver/Src/stm32f1xx_hal_gpio.c.obj
 .debug_abbrev  0x0000000000000bb5      0x27a CMakeFiles/Proj32.elf.dir/Drivers/STM32F1xx_HAL_Driver/Src/stm32f1xx_hal_rcc.c.obj

.debug_loc      0x0000000000000000     0x1451
 .debug_loc     0x0000000000000000       0x22 CMakeFiles/Proj32.elf.dir/Core/Src/main.c.obj
 .debug_loc     0x0000000000000022       0x15 CMakeFiles/Proj32.elf.dir/Core/Src/stm32f1xx_hal_msp.c.obj
 .debug_loc     0x0000000000000037       0xff CMakeFiles/Proj32.elf.dir/Core/Src/system_stm32f1xx.c.obj
 .debug_loc     0x0000000000000136      0x141 CMakeFiles/Proj32.elf.dir/Drivers/STM32F1xx_HAL_Driver/Src/stm32f1xx_hal.c.obj
 .debug_loc     0x0000000000000277      0x71f CMakeFiles/Proj32.elf.dir/Drivers/STM32F1xx_HAL_Driver/Src/stm32f1xx_hal_cortex.c.obj
 .debug_loc     0x0000000000000996      0x47d CMakeFiles/Proj32.elf.dir/Drivers/STM32F1xx_HAL_Driver/Src/stm32f1xx_hal_gpio.c.obj
 .debug_loc     0x0000000000000e13      0x63e CMakeFiles/Proj32.elf.dir/Drivers/STM32F1xx_HAL_Driver/Src/stm32f1xx_hal_rcc.c.obj

.debug_aranges  0x0000000000000000      0x360
 .debug_aranges
                0x0000000000000000       0x38 CMakeFiles/Proj32.elf.dir/Core/Src/main.c.obj
 .debug_aranges
                0x0000000000000038       0x20 CMakeFiles/Proj32.elf.dir/Core/Src/stm32f1xx_hal_msp.c.obj
 .debug_aranges
                0x0000000000000058       0x60 CMakeFiles/Proj32.elf.dir/Core/Src/stm32f1xx_it.c.obj
 .debug_aranges
                0x00000000000000b8       0x28 CMakeFiles/Proj32.elf.dir/Core/Src/system_stm32f1xx.c.obj
 .debug_aranges
                0x00000000000000e0       0x28 CMakeFiles/Proj32.elf.dir/Core/Startup/startup_stm32f103vbtx.s.obj
 .debug_aranges
                0x0000000000000108       0xe0 CMakeFiles/Proj32.elf.dir/Drivers/STM32F1xx_HAL_Driver/Src/stm32f1xx_hal.c.obj
 .debug_aranges
                0x00000000000001e8       0x90 CMakeFiles/Proj32.elf.dir/Drivers/STM32F1xx_HAL_Driver/Src/stm32f1xx_hal_cortex.c.obj
 .debug_aranges
                0x0000000000000278       0x58 CMakeFiles/Proj32.elf.dir/Drivers/STM32F1xx_HAL_Driver/Src/stm32f1xx_hal_gpio.c.obj
 .debug_aranges
                0x00000000000002d0       0x90 CMakeFiles/Proj32.elf.dir/Drivers/STM32F1xx_HAL_Driver/Src/stm32f1xx_hal_rcc.c.obj

.debug_ranges   0x0000000000000000      0x370
 .debug_ranges  0x0000000000000000       0x40 CMakeFiles/Proj32.elf.dir/Core/Src/main.c.obj
 .debug_ranges  0x0000000000000040       0x10 CMakeFiles/Proj32.elf.dir/Core/Src/stm32f1xx_hal_msp.c.obj
 .debug_ranges  0x0000000000000050       0x50 CMakeFiles/Proj32.elf.dir/Core/Src/stm32f1xx_it.c.obj
 .debug_ranges  0x00000000000000a0       0x18 CMakeFiles/Proj32.elf.dir/Core/Src/system_stm32f1xx.c.obj
 .debug_ranges  0x00000000000000b8       0x20 CMakeFiles/Proj32.elf.dir/Core/Startup/startup_stm32f103vbtx.s.obj
 .debug_ranges  0x00000000000000d8       0xd0 CMakeFiles/Proj32.elf.dir/Drivers/STM32F1xx_HAL_Driver/Src/stm32f1xx_hal.c.obj
 .debug_ranges  0x00000000000001a8       0xe0 CMakeFiles/Proj32.elf.dir/Drivers/STM32F1xx_HAL_Driver/Src/stm32f1xx_hal_cortex.c.obj
 .debug_ranges  0x0000000000000288       0x48 CMakeFiles/Proj32.elf.dir/Drivers/STM32F1xx_HAL_Driver/Src/stm32f1xx_hal_gpio.c.obj
 .debug_ranges  0x00000000000002d0       0xa0 CMakeFiles/Proj32.elf.dir/Drivers/STM32F1xx_HAL_Driver/Src/stm32f1xx_hal_rcc.c.obj

.debug_line     0x0000000000000000     0x2b8e
 .debug_line    0x0000000000000000      0x47b CMakeFiles/Proj32.elf.dir/Core/Src/main.c.obj
 .debug_line    0x000000000000047b      0x1d8 CMakeFiles/Proj32.elf.dir/Core/Src/stm32f1xx_hal_msp.c.obj
 .debug_line    0x0000000000000653      0x1e5 CMakeFiles/Proj32.elf.dir/Core/Src/stm32f1xx_it.c.obj
 .debug_line    0x0000000000000838      0x2a2 CMakeFiles/Proj32.elf.dir/Core/Src/system_stm32f1xx.c.obj
 .debug_line    0x0000000000000ada       0xbb CMakeFiles/Proj32.elf.dir/Core/Startup/startup_stm32f103vbtx.s.obj
 .debug_line    0x0000000000000b95      0x5f8 CMakeFiles/Proj32.elf.dir/Drivers/STM32F1xx_HAL_Driver/Src/stm32f1xx_hal.c.obj
 .debug_line    0x000000000000118d      0x6cc CMakeFiles/Proj32.elf.dir/Drivers/STM32F1xx_HAL_Driver/Src/stm32f1xx_hal_cortex.c.obj
 .debug_line    0x0000000000001859      0x676 CMakeFiles/Proj32.elf.dir/Drivers/STM32F1xx_HAL_Driver/Src/stm32f1xx_hal_gpio.c.obj
 .debug_line    0x0000000000001ecf      0xcbf CMakeFiles/Proj32.elf.dir/Drivers/STM32F1xx_HAL_Driver/Src/stm32f1xx_hal_rcc.c.obj

.debug_str      0x0000000000000000     0x148c
 .debug_str     0x0000000000000000      0x458 CMakeFiles/Proj32.elf.dir/Core/Src/main.c.obj
                                        0x4af (size before relaxing)
 .debug_str     0x0000000000000458       0x8e CMakeFiles/Proj32.elf.dir/Core/Src/stm32f1xx_hal_msp.c.obj
                                        0x285 (size before relaxing)
 .debug_str     0x00000000000004e6       0xeb CMakeFiles/Proj32.elf.dir/Core/Src/stm32f1xx_it.c.obj
                                        0x288 (size before relaxing)
 .debug_str     0x00000000000005d1       0xbc CMakeFiles/Proj32.elf.dir/Core/Src/system_stm32f1xx.c.obj
                                        0x2ba (size before relaxing)
 .debug_str     0x000000000000068d       0x6a CMakeFiles/Proj32.elf.dir/Core/Startup/startup_stm32f103vbtx.s.obj
                                         0xb3 (size before relaxing)
 .debug_str     0x00000000000006f7      0x62c CMakeFiles/Proj32.elf.dir/Drivers/STM32F1xx_HAL_Driver/Src/stm32f1xx_hal.c.obj
                                        0x88a (size before relaxing)
 .debug_str     0x0000000000000d23      0x3f9 CMakeFiles/Proj32.elf.dir/Drivers/STM32F1xx_HAL_Driver/Src/stm32f1xx_hal_cortex.c.obj
                                        0x939 (size before relaxing)
 .debug_str     0x000000000000111c      0x148 CMakeFiles/Proj32.elf.dir/Drivers/STM32F1xx_HAL_Driver/Src/stm32f1xx_hal_gpio.c.obj
                                        0x466 (size before relaxing)
 .debug_str     0x0000000000001264      0x228 CMakeFiles/Proj32.elf.dir/Drivers/STM32F1xx_HAL_Driver/Src/stm32f1xx_hal_rcc.c.obj
                                        0x691 (size before relaxing)

.comment        0x0000000000000000       0x49
 .comment       0x0000000000000000       0x49 CMakeFiles/Proj32.elf.dir/Core/Src/main.c.obj
                                         0x4a (size before relaxing)
 .comment       0x0000000000000049       0x4a CMakeFiles/Proj32.elf.dir/Core/Src/stm32f1xx_hal_msp.c.obj
 .comment       0x0000000000000049       0x4a CMakeFiles/Proj32.elf.dir/Core/Src/stm32f1xx_it.c.obj
 .comment       0x0000000000000049       0x4a CMakeFiles/Proj32.elf.dir/Core/Src/system_stm32f1xx.c.obj
 .comment       0x0000000000000049       0x4a CMakeFiles/Proj32.elf.dir/Drivers/STM32F1xx_HAL_Driver/Src/stm32f1xx_hal.c.obj
 .comment       0x0000000000000049       0x4a CMakeFiles/Proj32.elf.dir/Drivers/STM32F1xx_HAL_Driver/Src/stm32f1xx_hal_cortex.c.obj
 .comment       0x0000000000000049       0x4a CMakeFiles/Proj32.elf.dir/Drivers/STM32F1xx_HAL_Driver/Src/stm32f1xx_hal_gpio.c.obj
 .comment       0x0000000000000049       0x4a CMakeFiles/Proj32.elf.dir/Drivers/STM32F1xx_HAL_Driver/Src/stm32f1xx_hal_rcc.c.obj

.debug_frame    0x0000000000000000      0x8c4
 .debug_frame   0x0000000000000000       0x80 CMakeFiles/Proj32.elf.dir/Core/Src/main.c.obj
 .debug_frame   0x0000000000000080       0x28 CMakeFiles/Proj32.elf.dir/Core/Src/stm32f1xx_hal_msp.c.obj
 .debug_frame   0x00000000000000a8       0xa8 CMakeFiles/Proj32.elf.dir/Core/Src/stm32f1xx_it.c.obj
 .debug_frame   0x0000000000000150       0x30 CMakeFiles/Proj32.elf.dir/Core/Src/system_stm32f1xx.c.obj
 .debug_frame   0x0000000000000180      0x1cc CMakeFiles/Proj32.elf.dir/Drivers/STM32F1xx_HAL_Driver/Src/stm32f1xx_hal.c.obj
 .debug_frame   0x000000000000034c      0x118 CMakeFiles/Proj32.elf.dir/Drivers/STM32F1xx_HAL_Driver/Src/stm32f1xx_hal_cortex.c.obj
 .debug_frame   0x0000000000000464       0xe4 CMakeFiles/Proj32.elf.dir/Drivers/STM32F1xx_HAL_Driver/Src/stm32f1xx_hal_gpio.c.obj
 .debug_frame   0x0000000000000548      0x190 CMakeFiles/Proj32.elf.dir/Drivers/STM32F1xx_HAL_Driver/Src/stm32f1xx_hal_rcc.c.obj
 .debug_frame   0x00000000000006d8       0x2c /opt/homebrew/Cellar/arm-none-eabi-gcc/10.3-2021.07/gcc/bin/../lib/gcc/arm-none-eabi/10.3.1/../../../../arm-none-eabi/lib/thumb/v7-m/nofp/libg.a(lib_a-init.o)
 .debug_frame   0x0000000000000704       0x2c /opt/homebrew/Cellar/arm-none-eabi-gcc/10.3-2021.07/gcc/bin/../lib/gcc/arm-none-eabi/10.3.1/../../../../arm-none-eabi/lib/thumb/v7-m/nofp/libg.a(lib_a-memset.o)
 .debug_frame   0x0000000000000730       0x5c /opt/homebrew/Cellar/arm-none-eabi-gcc/10.3-2021.07/gcc/bin/../lib/gcc/arm-none-eabi/10.3.1/../../../../arm-none-eabi/lib/thumb/v7-m/nofp/libg.a(lib_a-__call_atexit.o)
 .debug_frame   0x000000000000078c       0x20 /opt/homebrew/Cellar/arm-none-eabi-gcc/10.3-2021.07/gcc/bin/../lib/gcc/arm-none-eabi/10.3.1/../../../../arm-none-eabi/lib/thumb/v7-m/nofp/libg.a(lib_a-atexit.o)
 .debug_frame   0x00000000000007ac       0x34 /opt/homebrew/Cellar/arm-none-eabi-gcc/10.3-2021.07/gcc/bin/../lib/gcc/arm-none-eabi/10.3.1/../../../../arm-none-eabi/lib/thumb/v7-m/nofp/libg.a(lib_a-fini.o)
 .debug_frame   0x00000000000007e0       0xb0 /opt/homebrew/Cellar/arm-none-eabi-gcc/10.3-2021.07/gcc/bin/../lib/gcc/arm-none-eabi/10.3.1/../../../../arm-none-eabi/lib/thumb/v7-m/nofp/libg.a(lib_a-lock.o)
 .debug_frame   0x0000000000000890       0x34 /opt/homebrew/Cellar/arm-none-eabi-gcc/10.3-2021.07/gcc/bin/../lib/gcc/arm-none-eabi/10.3.1/../../../../arm-none-eabi/lib/thumb/v7-m/nofp/libg.a(lib_a-__atexit.o)
